[themes.pixelstrap.com/multikart/front-end/index.html]
[backblue.gif]
[fade.gif]
[index.html]
[themes.pixelstrap.com/multikart/assets/images/favicon/1.png]
[themes.pixelstrap.com/multikart/assets/images/icon/logo.png]
[themes.pixelstrap.com/multikart/assets/images/icon/search.png]
[themes.pixelstrap.com/multikart/assets/images/icon/setting.png]
[themes.pixelstrap.com/multikart/assets/images/icon/cart.png]
[themes.pixelstrap.com/multikart/assets/images/mega-menu/fashion.jpg]
[themes.pixelstrap.com/multikart/front-end/tools.html]
[themes.pixelstrap.com/multikart/front-end/marketplace-demo.html]
[themes.pixelstrap.com/multikart/front-end/game.html]
[themes.pixelstrap.com/multikart/front-end/gym-product.html]
[themes.pixelstrap.com/multikart/front-end/marijuana.html]
[themes.pixelstrap.com/multikart/front-end/left_sidebar-demo.html]
[themes.pixelstrap.com/multikart/front-end/pets.html]
[themes.pixelstrap.com/multikart/front-end/jewellery.html]
[themes.pixelstrap.com/multikart/front-end/metro.html]
[themes.pixelstrap.com/multikart/front-end/video-slider.html]
[themes.pixelstrap.com/multikart/front-end/fashion-2.html]
[themes.pixelstrap.com/multikart/front-end/fashion-3.html]
[themes.pixelstrap.com/multikart/front-end/kids.html]
[themes.pixelstrap.com/multikart/front-end/watch.html]
[themes.pixelstrap.com/multikart/front-end/shoes.html]
[themes.pixelstrap.com/multikart/front-end/electronic-1.html]
[themes.pixelstrap.com/multikart/front-end/electronic-2.html]
[themes.pixelstrap.com/multikart/front-end/bags.html]
[themes.pixelstrap.com/multikart/front-end/nursery.html]
[themes.pixelstrap.com/multikart/front-end/flower.html]
[themes.pixelstrap.com/multikart/front-end/vegetables.html]
[themes.pixelstrap.com/multikart/front-end/beauty.html]
[themes.pixelstrap.com/multikart/front-end/furniture.html]
[themes.pixelstrap.com/multikart/front-end/light.html]
[themes.pixelstrap.com/multikart/front-end/goggles.html]
[themes.pixelstrap.com/multikart/front-end/lookbook-demo.html]
[themes.pixelstrap.com/multikart/front-end/instagram-shop.html]
[themes.pixelstrap.com/multikart/front-end/video.html]
[themes.pixelstrap.com/multikart/front-end/parallax.html]
[themes.pixelstrap.com/multikart/front-end/category-page.html]
[themes.pixelstrap.com/multikart/front-end/full-page.html]
[themes.pixelstrap.com/multikart/front-end/category-page(right).html]
[themes.pixelstrap.com/multikart/front-end/category-page(no-sidebar).html]
[themes.pixelstrap.com/multikart/front-end/category-page(sidebar-popup).html]
[themes.pixelstrap.com/multikart/front-end/category-page(metro).html]
[themes.pixelstrap.com/multikart/front-end/category-page(full-width).html]
[themes.pixelstrap.com/multikart/front-end/category-page(3-grid).html]
[themes.pixelstrap.com/multikart/front-end/category-page(infinite-scroll).html]
[themes.pixelstrap.com/multikart/front-end/category-page(6-grid).html]
[themes.pixelstrap.com/multikart/front-end/category-page(list-view).html]
[themes.pixelstrap.com/multikart/front-end/product-page.html]
[themes.pixelstrap.com/multikart/front-end/product-page(right-sidebar).html]
[themes.pixelstrap.com/multikart/front-end/product-page(no-sidebar).html]
[themes.pixelstrap.com/multikart/front-end/product-page(left-image).html]
[themes.pixelstrap.com/multikart/front-end/product-page(right-image).html]
[themes.pixelstrap.com/multikart/front-end/product-page(image-outside).html]
[themes.pixelstrap.com/multikart/front-end/product-page(3-col-left).html]
[themes.pixelstrap.com/multikart/front-end/product-page(3-col-right).html]
[themes.pixelstrap.com/multikart/front-end/product-page(3-column).html]
[themes.pixelstrap.com/multikart/front-end/product-page(4-image).html]
[themes.pixelstrap.com/multikart/front-end/product-page(sticky).html]
[themes.pixelstrap.com/multikart/front-end/product-page(accordian).html]
[themes.pixelstrap.com/multikart/front-end/product-page(bundle).html]
[themes.pixelstrap.com/multikart/front-end/product-page(image-swatch).html]
[themes.pixelstrap.com/multikart/front-end/product-page(vertical-tab).html]
[themes.pixelstrap.com/multikart/front-end/grid-2-col.html]
[themes.pixelstrap.com/multikart/front-end/grid-3-col.html]
[themes.pixelstrap.com/multikart/front-end/grid-4-col.html]
[themes.pixelstrap.com/multikart/front-end/masonary-2-grid.html]
[themes.pixelstrap.com/multikart/front-end/masonary-3-grid.html]
[themes.pixelstrap.com/multikart/front-end/masonary-4-grid.html]
[themes.pixelstrap.com/multikart/front-end/element-title.html]
[themes.pixelstrap.com/multikart/front-end/masonary-fullwidth.html]
[themes.pixelstrap.com/multikart/front-end/element-banner.html]
[themes.pixelstrap.com/multikart/front-end/element-slider.html]
[themes.pixelstrap.com/multikart/front-end/element-category.html]
[themes.pixelstrap.com/multikart/front-end/element-service.html]
[themes.pixelstrap.com/multikart/front-end/element-image-ratio.html]
[themes.pixelstrap.com/multikart/front-end/element-productbox.html]
[themes.pixelstrap.com/multikart/front-end/element-product-slider.html]
[themes.pixelstrap.com/multikart/front-end/element-mulitiple_slider.html]
[themes.pixelstrap.com/multikart/front-end/element-no_slider.html]
[themes.pixelstrap.com/multikart/front-end/element-tab.html]
[themes.pixelstrap.com/multikart/front-end/email-order-success.html]
[themes.pixelstrap.com/multikart/front-end/email-order-success-two.html]
[themes.pixelstrap.com/multikart/front-end/email-template.html]
[themes.pixelstrap.com/multikart/front-end/email-template-two.html]
[themes.pixelstrap.com/multikart/front-end/vendor-dashboard.html]
[themes.pixelstrap.com/multikart/front-end/vendor-profile.html]
[themes.pixelstrap.com/multikart/front-end/become-vendor.html]
[themes.pixelstrap.com/multikart/front-end/wishlist.html]
[themes.pixelstrap.com/multikart/front-end/cart.html]
[themes.pixelstrap.com/multikart/front-end/dashboard.html]
[themes.pixelstrap.com/multikart/front-end/login.html]
[themes.pixelstrap.com/multikart/front-end/contact.html]
[themes.pixelstrap.com/multikart/front-end/forget_pwd.html]
[themes.pixelstrap.com/multikart/front-end/register.html]
[themes.pixelstrap.com/multikart/front-end/profile.html]
[themes.pixelstrap.com/multikart/front-end/search.html]
[themes.pixelstrap.com/multikart/front-end/checkout.html]
[themes.pixelstrap.com/multikart/front-end/review.html]
[themes.pixelstrap.com/multikart/front-end/typography.html]
[themes.pixelstrap.com/multikart/front-end/about-page.html]
[themes.pixelstrap.com/multikart/front-end/order-success.html]
[themes.pixelstrap.com/multikart/front-end/compare.html]
[themes.pixelstrap.com/multikart/front-end/compare-2.html]
[themes.pixelstrap.com/multikart/front-end/collection.html]
[themes.pixelstrap.com/multikart/front-end/lookbook.html]
[themes.pixelstrap.com/multikart/front-end/sitemap.html]
[themes.pixelstrap.com/multikart/front-end/404.html]
[themes.pixelstrap.com/multikart/front-end/coming-soon.html]
[themes.pixelstrap.com/multikart/front-end/faq.html]
[themes.pixelstrap.com/multikart/front-end/blog-page.html]
[themes.pixelstrap.com/multikart/front-end/blog(right-sidebar).html]
[themes.pixelstrap.com/multikart/front-end/blog(no-sidebar).html]
[themes.pixelstrap.com/multikart/front-end/blog-details.html]
[themes.pixelstrap.com/multikart/assets/images/fashion/product/1.jpg]
[themes.pixelstrap.com/multikart/assets/images/fashion/product/2.jpg]
[themes.pixelstrap.com/multikart/assets/images/home-banner/1.jpg]
[themes.pixelstrap.com/multikart/assets/images/home-banner/2.jpg]
[themes.pixelstrap.com/multikart/assets/images/sub-banner1.jpg]
[themes.pixelstrap.com/multikart/assets/images/sub-banner2.jpg]
[themes.pixelstrap.com/multikart/assets/images/pro3/27.jpg]
[themes.pixelstrap.com/multikart/assets/images/pro3/28.jpg]
[themes.pixelstrap.com/multikart/assets/images/pro3/1.jpg]
[themes.pixelstrap.com/multikart/assets/images/pro3/2.jpg]
[themes.pixelstrap.com/multikart/assets/images/pro3/33.jpg]
[themes.pixelstrap.com/multikart/assets/images/pro3/34.jpg]
[themes.pixelstrap.com/multikart/assets/images/pro3/35.jpg]
[themes.pixelstrap.com/multikart/assets/images/pro3/36.jpg]
[themes.pixelstrap.com/multikart/assets/images/parallax/1.jpg]
[themes.pixelstrap.com/multikart/assets/images/blog/1.jpg]
[themes.pixelstrap.com/multikart/assets/images/blog/2.jpg]
[themes.pixelstrap.com/multikart/assets/images/blog/3.jpg]
[themes.pixelstrap.com/multikart/assets/images/blog/4.jpg]
[themes.pixelstrap.com/multikart/assets/images/blog/5.jpg]
[themes.pixelstrap.com/multikart/assets/images/slider/2.jpg]
[themes.pixelstrap.com/multikart/assets/images/slider/3.jpg]
[themes.pixelstrap.com/multikart/assets/images/slider/4.jpg]
[themes.pixelstrap.com/multikart/assets/images/slider/9.jpg]
[themes.pixelstrap.com/multikart/assets/images/slider/6.jpg]
[themes.pixelstrap.com/multikart/assets/images/slider/7.jpg]
[themes.pixelstrap.com/multikart/assets/images/slider/8.jpg]
[themes.pixelstrap.com/multikart/assets/images/logos/1.png]
[themes.pixelstrap.com/multikart/assets/images/logos/2.png]
[themes.pixelstrap.com/multikart/assets/images/logos/3.png]
[themes.pixelstrap.com/multikart/assets/images/logos/4.png]
[themes.pixelstrap.com/multikart/assets/images/logos/5.png]
[themes.pixelstrap.com/multikart/assets/images/logos/6.png]
[themes.pixelstrap.com/multikart/assets/images/logos/7.png]
[themes.pixelstrap.com/multikart/assets/images/logos/8.png]
[themes.pixelstrap.com/multikart/assets/images/icon/visa.png]
[themes.pixelstrap.com/multikart/assets/images/icon/mastercard.png]
[themes.pixelstrap.com/multikart/assets/images/icon/paypal.png]
[themes.pixelstrap.com/multikart/assets/images/icon/american-express.png]
[themes.pixelstrap.com/multikart/assets/images/icon/discover.png]
[themes.pixelstrap.com/multikart/assets/images/Offer-banner.png]
[themes.pixelstrap.com/multikart/assets/images/icon/angular.png]
[themes.pixelstrap.com/multikart/assets/images/icon/react.png]
[themes.pixelstrap.com/multikart/assets/images/icon/shopify.png]
[themes.pixelstrap.com/multikart/assets/images/stop.png]
[connect.facebook.net/en_US/sdk/xfbml.customerchat.js]
[themes.pixelstrap.com/multikart/assets/js/jquery-3.3.1.min.js]
[themes.pixelstrap.com/multikart/assets/js/jquery-ui.min.js]
[themes.pixelstrap.com/multikart/assets/js/jquery.exitintent.js]
[themes.pixelstrap.com/multikart/assets/js/exit.js]
[themes.pixelstrap.com/multikart/assets/js/popper.min.js]
[themes.pixelstrap.com/multikart/assets/js/slick.js]
[themes.pixelstrap.com/multikart/assets/js/menu.js]
[themes.pixelstrap.com/multikart/assets/js/lazysizes.min.js]
[themes.pixelstrap.com/multikart/assets/js/bootstrap.js]
[themes.pixelstrap.com/multikart/assets/js/bootstrap-notify.min.js]
[themes.pixelstrap.com/multikart/assets/js/fly-cart.js]
[themes.pixelstrap.com/multikart/assets/js/script.js]
[themes.pixelstrap.com/multikart/front-end/index.html]
[themes.pixelstrap.com/multikart/assets/css/fontawesome.css]
[themes.pixelstrap.com/multikart/assets/css/slick.css]
[themes.pixelstrap.com/multikart/assets/images/ajax-loader.gif]
[themes.pixelstrap.com/multikart/assets/css/slick-theme.css]
[themes.pixelstrap.com/multikart/assets/css/animate.css]
[themes.pixelstrap.com/multikart/assets/css/themify-icons.css]
[themes.pixelstrap.com/multikart/assets/css/bootstrap.css]
[themes.pixelstrap.com/multikart/assets/images/home-banner/1.png]
[themes.pixelstrap.com/multikart/assets/images/home-banner/2.png]
[themes.pixelstrap.com/multikart/assets/images/offer-banner.jpg]
[themes.pixelstrap.com/multikart/assets/images/fashion/banner.jpg]
[themes.pixelstrap.com/multikart/assets/images/electronics/bg.jpg]
[themes.pixelstrap.com/multikart/assets/images/bg-image.jpg]
[themes.pixelstrap.com/multikart/assets/images/flower/flower-bg.jpg]
[themes.pixelstrap.com/multikart/assets/images/flower/bg.jpg]
[themes.pixelstrap.com/multikart/assets/images/nursery/bg.jpg]
[i.pinimg.com/originals/e0/80/08/e08008c19c8e9e1b0074baf36d699407.jpg]
[themes.pixelstrap.com/multikart/assets/images/main-banner-bg.jpg]
[themes.pixelstrap.com/multikart/assets/images/banner-game.jpg]
[themes.pixelstrap.com/multikart/assets/images/game/footer.jpg]
[themes.pixelstrap.com/multikart/assets/images/game/top.png]
[themes.pixelstrap.com/multikart/assets/images/game/back.png]
[themes.pixelstrap.com/multikart/assets/images/tools/footer.jpg]
[themes.pixelstrap.com/multikart/assets/images/marijuana/leaf-bg.jpg]
[themes.pixelstrap.com/multikart/assets/images/christmas/loading.gif]
[themes.pixelstrap.com/multikart/assets/images/metro.jpg]
[themes.pixelstrap.com/multikart/assets/images/coming-soon.jpg]
[themes.pixelstrap.com/multikart/assets/images/dropdown.png]
[themes.pixelstrap.com/multikart/assets/images/vendor/step-arrow.png]
[themes.pixelstrap.com/multikart/assets/images/landing-page/demo/1.jpg]
[themes.pixelstrap.com/multikart/assets/images/landing-page/demo/2.jpg]
[themes.pixelstrap.com/multikart/assets/images/landing-page/demo/3.jpg]
[themes.pixelstrap.com/multikart/assets/images/landing-page/demo/4.jpg]
[themes.pixelstrap.com/multikart/assets/images/landing-page/demo/5.jpg]
[themes.pixelstrap.com/multikart/assets/images/landing-page/demo/6.jpg]
[themes.pixelstrap.com/multikart/assets/images/landing-page/demo/7.jpg]
[themes.pixelstrap.com/multikart/assets/images/landing-page/demo/8.jpg]
[themes.pixelstrap.com/multikart/assets/images/landing-page/demo/9.jpg]
[themes.pixelstrap.com/multikart/assets/images/landing-page/demo/10.jpg]
[themes.pixelstrap.com/multikart/assets/images/landing-page/demo/11.jpg]
[themes.pixelstrap.com/multikart/assets/images/landing-page/demo/12.jpg]
[themes.pixelstrap.com/multikart/assets/images/landing-page/demo/13.jpg]
[themes.pixelstrap.com/multikart/assets/images/landing-page/demo/14.jpg]
[themes.pixelstrap.com/multikart/assets/images/landing-page/demo/15.jpg]
[themes.pixelstrap.com/multikart/assets/images/landing-page/demo/16.jpg]
[themes.pixelstrap.com/multikart/assets/images/landing-page/demo/17.jpg]
[themes.pixelstrap.com/multikart/assets/images/landing-page/demo/18.jpg]
[themes.pixelstrap.com/multikart/assets/images/landing-page/demo/19.jpg]
[themes.pixelstrap.com/multikart/assets/images/landing-page/demo/20.jpg]
[themes.pixelstrap.com/multikart/assets/images/landing-page/demo/21.jpg]
[themes.pixelstrap.com/multikart/assets/images/landing-page/demo/22.jpg]
[themes.pixelstrap.com/multikart/assets/images/landing-page/demo/23.jpg]
[themes.pixelstrap.com/multikart/assets/images/landing-page/demo/24.jpg]
[themes.pixelstrap.com/multikart/assets/images/landing-page/demo/25.jpg]
[themes.pixelstrap.com/multikart/assets/images/landing-page/demo/26.jpg]
[themes.pixelstrap.com/multikart/assets/images/landing-page/demo/27.jpg]
[themes.pixelstrap.com/multikart/assets/images/landing-page/demo/28.jpg]
[themes.pixelstrap.com/multikart/assets/images/landing-page/demo/29.jpg]
[themes.pixelstrap.com/multikart/assets/images/landing-page/demo/30.jpg]
[themes.pixelstrap.com/multikart/assets/images/landing-page/demo/31.jpg]
[themes.pixelstrap.com/multikart/assets/images/landing-page/demo/32.jpg]
[themes.pixelstrap.com/multikart/assets/images/landing-page/demo/33.jpg]
[themes.pixelstrap.com/multikart/assets/images/landing-page/demo/34.jpg]
[themes.pixelstrap.com/multikart/assets/images/landing-page/demo/35.jpg]
[themes.pixelstrap.com/multikart/assets/images/landing-page/demo/36.jpg]
[themes.pixelstrap.com/multikart/assets/images/landing-page/demo/37.jpg]
[themes.pixelstrap.com/multikart/assets/images/landing-page/demo/38.jpg]
[themes.pixelstrap.com/multikart/assets/images/landing-page/demo/39.jpg]
[themes.pixelstrap.com/multikart/assets/images/landing-page/demo/40.jpg]
[themes.pixelstrap.com/multikart/assets/images/landing-page/demo/41.jpg]
[themes.pixelstrap.com/multikart/assets/images/landing-page/demo/42.jpg]
[themes.pixelstrap.com/multikart/assets/images/landing-page/demo/43.jpg]
[themes.pixelstrap.com/multikart/assets/images/landing-page/demo/44.jpg]
[themes.pixelstrap.com/multikart/assets/images/landing-page/demo/45.jpg]
[themes.pixelstrap.com/multikart/assets/images/landing-page/demo/46.jpg]
[themes.pixelstrap.com/multikart/assets/images/landing-page/demo/47.jpg]
[themes.pixelstrap.com/multikart/assets/images/landing-page/demo/48.jpg]
[themes.pixelstrap.com/multikart/assets/images/landing-page/demo/49.jpg]
[themes.pixelstrap.com/multikart/assets/images/landing-page/demo/50.jpg]
[themes.pixelstrap.com/multikart/assets/images/landing-page/demo/51.jpg]
[themes.pixelstrap.com/multikart/assets/images/landing-page/demo/52.jpg]
[themes.pixelstrap.com/multikart/assets/images/landing-page/demo/53.jpg]
[themes.pixelstrap.com/multikart/assets/images/landing-page/demo/54.jpg]
[themes.pixelstrap.com/multikart/assets/images/landing-page/demo/55.jpg]
[themes.pixelstrap.com/multikart/assets/images/landing-page/demo/56.jpg]
[themes.pixelstrap.com/multikart/assets/images/landing-page/demo/57.jpg]
[themes.pixelstrap.com/multikart/assets/images/mega.jpg]
[themes.pixelstrap.com/multikart/assets/css/color1.css]
[themes.pixelstrap.com/multikart/assets/images/home-banner/49.jpg]
[themes.pixelstrap.com/multikart/assets/images/tools/3.png]
[themes.pixelstrap.com/multikart/assets/images/tools/4.png]
[themes.pixelstrap.com/multikart/assets/images/home-banner/50.jpg]
[themes.pixelstrap.com/multikart/assets/images/tools/1.png]
[themes.pixelstrap.com/multikart/assets/images/tools/category/1.jpg]
[themes.pixelstrap.com/multikart/assets/images/tools/category/2.jpg]
[themes.pixelstrap.com/multikart/assets/images/tools/category/3.jpg]
[themes.pixelstrap.com/multikart/assets/images/tools/category/4.jpg]
[themes.pixelstrap.com/multikart/assets/images/tools/category/5.jpg]
[themes.pixelstrap.com/multikart/assets/images/tools/pro/1.jpg]
[themes.pixelstrap.com/multikart/assets/images/tools/pro/2.jpg]
[themes.pixelstrap.com/multikart/assets/images/tools/pro/3.jpg]
[themes.pixelstrap.com/multikart/assets/images/tools/pro/4.jpg]
[themes.pixelstrap.com/multikart/assets/images/tools/pro/5.jpg]
[themes.pixelstrap.com/multikart/assets/images/parallax/21.jpg]
[themes.pixelstrap.com/multikart/assets/images/tools/pro/6.jpg]
[themes.pixelstrap.com/multikart/assets/images/tools/pro/7.jpg]
[themes.pixelstrap.com/multikart/assets/images/tools/pro/12.jpg]
[themes.pixelstrap.com/multikart/assets/images/tools/pro/13.jpg]
[themes.pixelstrap.com/multikart/assets/images/tools/pro/9.jpg]
[themes.pixelstrap.com/multikart/assets/images/tools/pro/10.jpg]
[themes.pixelstrap.com/multikart/assets/images/tools/pro/14.jpg]
[themes.pixelstrap.com/multikart/assets/images/tools/pro/15.jpg]
[themes.pixelstrap.com/multikart/assets/images/tools/pro/16.jpg]
[themes.pixelstrap.com/multikart/assets/images/tools/pro/17.jpg]
[themes.pixelstrap.com/multikart/assets/images/tools/pro/18.jpg]
[themes.pixelstrap.com/multikart/assets/images/tools/pro/19.jpg]
[themes.pixelstrap.com/multikart/assets/images/tools/pro/20.jpg]
[themes.pixelstrap.com/multikart/assets/images/tools/pro/21.jpg]
[themes.pixelstrap.com/multikart/assets/images/tools/pro/22.jpg]
[themes.pixelstrap.com/multikart/assets/images/tools/pro/23.jpg]
[themes.pixelstrap.com/multikart/assets/images/tools/banner.jpg]
[themes.pixelstrap.com/multikart/assets/images/logos/9.png]
[themes.pixelstrap.com/multikart/assets/images/logos/10.png]
[themes.pixelstrap.com/multikart/assets/images/logos/11.png]
[themes.pixelstrap.com/multikart/assets/images/logos/12.png]
[themes.pixelstrap.com/multikart/assets/images/logos/13.png]
[themes.pixelstrap.com/multikart/assets/images/logos/14.png]
[themes.pixelstrap.com/multikart/assets/images/logos/15.png]
[themes.pixelstrap.com/multikart/assets/images/logos/16.png]
[themes.pixelstrap.com/multikart/assets/images/icon/layout4/footerlogo.png]
[themes.pixelstrap.com/multikart/assets/images/fashion/product/43.jpg]
[themes.pixelstrap.com/multikart/assets/images/payment_cart.png]
[themes.pixelstrap.com/multikart/assets/images/fashion/product/34.jpg]
[themes.pixelstrap.com/multikart/assets/images/fashion/product/13.jpg]
[themes.pixelstrap.com/multikart/assets/images/fashion/product/19.jpg]
[themes.pixelstrap.com/multikart/assets/js/parallax-effect.js]
[themes.pixelstrap.com/multikart/assets/js/footer-reveal.min.js]
[themes.pixelstrap.com/multikart/front-end/tools.html]
[themes.pixelstrap.com/multikart/assets/images/icon/logo/18.png]
[themes.pixelstrap.com/multikart/assets/images/electronics/8.jpg]
[themes.pixelstrap.com/multikart/assets/images/home-banner/12.jpg]
[themes.pixelstrap.com/multikart/assets/images/fashion/banner/5.jpg]
[themes.pixelstrap.com/multikart/assets/images/fashion/banner/10.jpg]
[themes.pixelstrap.com/multikart/assets/images/fashion/banner/8.jpg]
[themes.pixelstrap.com/multikart/assets/images/fashion/banner/9.jpg]
[themes.pixelstrap.com/multikart/assets/images/marketplace/1.jpg]
[themes.pixelstrap.com/multikart/assets/images/marketplace/2.jpg]
[themes.pixelstrap.com/multikart/assets/images/marketplace/3.jpg]
[themes.pixelstrap.com/multikart/assets/images/marketplace/4.jpg]
[themes.pixelstrap.com/multikart/assets/images/marketplace/5.jpg]
[themes.pixelstrap.com/multikart/assets/images/marketplace/6.jpg]
[themes.pixelstrap.com/multikart/assets/images/marketplace/7.jpg]
[themes.pixelstrap.com/multikart/assets/images/marketplace/8.jpg]
[themes.pixelstrap.com/multikart/assets/images/marketplace/9.jpg]
[themes.pixelstrap.com/multikart/assets/images/marketplace/10.jpg]
[themes.pixelstrap.com/multikart/assets/images/marketplace/11.jpg]
[themes.pixelstrap.com/multikart/assets/images/marketplace/12.jpg]
[themes.pixelstrap.com/multikart/assets/images/parallax/28.jpg]
[themes.pixelstrap.com/multikart/assets/images/marketplace/14.jpg]
[themes.pixelstrap.com/multikart/assets/images/marketplace/15.jpg]
[themes.pixelstrap.com/multikart/assets/images/offer-banner1.jpg]
[themes.pixelstrap.com/multikart/front-end/marketplace-demo.html]
[themes.pixelstrap.com/multikart/assets/images/home-banner/41.jpg]
[themes.pixelstrap.com/multikart/assets/images/home-banner/42.jpg]
[themes.pixelstrap.com/multikart/assets/images/game/banner/1.jpg]
[themes.pixelstrap.com/multikart/assets/images/game/banner/2.jpg]
[themes.pixelstrap.com/multikart/assets/images/game/pro/11.jpg]
[themes.pixelstrap.com/multikart/assets/images/game/pro/12.jpg]
[themes.pixelstrap.com/multikart/assets/images/game/pro/13.jpg]
[themes.pixelstrap.com/multikart/assets/images/game/pro/14.jpg]
[themes.pixelstrap.com/multikart/assets/images/game/pro/15.jpg]
[themes.pixelstrap.com/multikart/assets/images/game/pro/16.jpg]
[themes.pixelstrap.com/multikart/assets/images/game/pro/17.jpg]
[themes.pixelstrap.com/multikart/assets/images/game/pro/18.jpg]
[themes.pixelstrap.com/multikart/assets/images/game/pro/19.jpg]
[themes.pixelstrap.com/multikart/assets/images/game/pro/23.jpg]
[themes.pixelstrap.com/multikart/assets/images/game/pro/1.jpg]
[themes.pixelstrap.com/multikart/assets/images/game/pro/2.jpg]
[themes.pixelstrap.com/multikart/assets/images/game/pro/3.jpg]
[themes.pixelstrap.com/multikart/assets/images/game/pro/4.jpg]
[themes.pixelstrap.com/multikart/assets/images/game/pro/5.jpg]
[themes.pixelstrap.com/multikart/assets/images/game/pro/6.jpg]
[themes.pixelstrap.com/multikart/assets/images/game/pro/7.jpg]
[themes.pixelstrap.com/multikart/assets/images/game/pro/8.jpg]
[themes.pixelstrap.com/multikart/assets/images/game/pro/22.jpg]
[themes.pixelstrap.com/multikart/assets/images/game/pro/10.jpg]
[themes.pixelstrap.com/multikart/assets/images/parallax/20.jpg]
[themes.pixelstrap.com/multikart/assets/images/parallax/27.jpg]
[themes.pixelstrap.com/multikart/assets/images/icon/footerlogo.png]
[themes.pixelstrap.com/multikart/assets/js/timer.js]
[themes.pixelstrap.com/multikart/front-end/game.html]
[themes.pixelstrap.com/multikart/assets/images/favicon/13.png]
[themes.pixelstrap.com/multikart/assets/images/gym/logo.png]
[themes.pixelstrap.com/multikart/assets/images/home-banner/43.jpg]
[themes.pixelstrap.com/multikart/assets/images/home-banner/44.jpg]
[themes.pixelstrap.com/multikart/assets/images/gym/banner/1.jpg]
[themes.pixelstrap.com/multikart/assets/images/gym/banner/2.jpg]
[themes.pixelstrap.com/multikart/assets/images/gym/pro/1.jpg]
[themes.pixelstrap.com/multikart/assets/images/gym/pro/2.jpg]
[themes.pixelstrap.com/multikart/assets/images/gym/pro/3.jpg]
[themes.pixelstrap.com/multikart/assets/images/gym/pro/4.jpg]
[themes.pixelstrap.com/multikart/assets/images/gym/pro/5.jpg]
[themes.pixelstrap.com/multikart/assets/images/gym/pro/6.jpg]
[themes.pixelstrap.com/multikart/assets/images/gym/pro/7.jpg]
[themes.pixelstrap.com/multikart/assets/images/gym/pro/8.jpg]
[themes.pixelstrap.com/multikart/assets/images/parallax/25.jpg]
[themes.pixelstrap.com/multikart/assets/images/gym/pro/9.jpg]
[themes.pixelstrap.com/multikart/assets/images/gym/pro/13.jpg]
[themes.pixelstrap.com/multikart/assets/images/gym/pro/11.jpg]
[themes.pixelstrap.com/multikart/assets/images/gym/pro/12.jpg]
[themes.pixelstrap.com/multikart/assets/images/gym/blog/1.jpg]
[themes.pixelstrap.com/multikart/assets/images/gym/blog/2.jpg]
[themes.pixelstrap.com/multikart/assets/images/gym/blog/3.jpg]
[themes.pixelstrap.com/multikart/assets/images/gym/blog/4.jpg]
[themes.pixelstrap.com/multikart/assets/images/gym/blog/5.jpg]
[themes.pixelstrap.com/multikart/assets/images/parallax/26.jpg]
[themes.pixelstrap.com/multikart/assets/images/slider/gym/1.jpg]
[themes.pixelstrap.com/multikart/assets/images/slider/gym/2.jpg]
[themes.pixelstrap.com/multikart/assets/images/slider/gym/3.jpg]
[themes.pixelstrap.com/multikart/assets/images/slider/gym/4.jpg]
[themes.pixelstrap.com/multikart/assets/images/slider/gym/5.jpg]
[themes.pixelstrap.com/multikart/assets/images/slider/gym/7.jpg]
[themes.pixelstrap.com/multikart/assets/images/slider/gym/6.jpg]
[themes.pixelstrap.com/multikart/assets/images/gym/bg.jpg]
[themes.pixelstrap.com/multikart/front-end/gym-product.html]
[themes.pixelstrap.com/multikart/assets/images/favicon/14.png]
[themes.pixelstrap.com/multikart/assets/images/icon/logo/15.png]
[themes.pixelstrap.com/multikart/assets/images/mega-menu/shoes.jpg]
[themes.pixelstrap.com/multikart/assets/images/pro/2.jpg]
[themes.pixelstrap.com/multikart/assets/images/home-banner/51.jpg]
[themes.pixelstrap.com/multikart/assets/images/home-banner/52.jpg]
[themes.pixelstrap.com/multikart/assets/images/marijuana/banner/4.jpg]
[themes.pixelstrap.com/multikart/assets/images/marijuana/banner/2.jpg]
[themes.pixelstrap.com/multikart/assets/images/marijuana/pro/21.jpg]
[themes.pixelstrap.com/multikart/assets/images/marijuana/pro/1.jpg]
[themes.pixelstrap.com/multikart/assets/images/marijuana/pro/10.jpg]
[themes.pixelstrap.com/multikart/assets/images/marijuana/pro/23.jpg]
[themes.pixelstrap.com/multikart/assets/images/marijuana/pro/19.jpg]
[themes.pixelstrap.com/multikart/assets/images/parallax/23.jpg]
[themes.pixelstrap.com/multikart/assets/images/marijuana/pro/2.jpg]
[themes.pixelstrap.com/multikart/assets/images/marijuana/pro/3.jpg]
[themes.pixelstrap.com/multikart/assets/images/marijuana/pro/4.jpg]
[themes.pixelstrap.com/multikart/assets/images/marijuana/pro/5.jpg]
[themes.pixelstrap.com/multikart/assets/images/marijuana/pro/6.jpg]
[themes.pixelstrap.com/multikart/assets/images/marijuana/pro/7.jpg]
[themes.pixelstrap.com/multikart/assets/images/marijuana/pro/8.jpg]
[themes.pixelstrap.com/multikart/assets/images/marijuana/pro/9.jpg]
[themes.pixelstrap.com/multikart/assets/images/marijuana/pro/11.jpg]
[themes.pixelstrap.com/multikart/assets/images/marijuana/pro/12.jpg]
[themes.pixelstrap.com/multikart/assets/images/marijuana/pro/13.jpg]
[themes.pixelstrap.com/multikart/assets/images/marijuana/pro/14.jpg]
[themes.pixelstrap.com/multikart/assets/images/marijuana/pro/15.jpg]
[themes.pixelstrap.com/multikart/assets/images/marijuana/pro/16.jpg]
[themes.pixelstrap.com/multikart/assets/images/marijuana/pro/17.jpg]
[themes.pixelstrap.com/multikart/assets/images/marijuana/pro/18.jpg]
[themes.pixelstrap.com/multikart/assets/images/marijuana/pro/22.jpg]
[themes.pixelstrap.com/multikart/assets/images/marijuana/pro/24.jpg]
[themes.pixelstrap.com/multikart/assets/images/marijuana/blog/1.jpg]
[themes.pixelstrap.com/multikart/assets/images/marijuana/blog/2.jpg]
[themes.pixelstrap.com/multikart/assets/images/marijuana/blog/3.jpg]
[themes.pixelstrap.com/multikart/assets/images/icon/logo/f2.png]
[themes.pixelstrap.com/multikart/front-end/marijuana.html]
[themes.pixelstrap.com/multikart/assets/images/icon/like.png]
[themes.pixelstrap.com/multikart/assets/images/icon/users.png]
[themes.pixelstrap.com/multikart/assets/images/icon/magnifying-glass.png]
[themes.pixelstrap.com/multikart/assets/images/icon/settings.png]
[themes.pixelstrap.com/multikart/assets/images/icon/shopping-cart.png]
[themes.pixelstrap.com/multikart/assets/images/mega-menu/vegetable-fruits/1.jpg]
[themes.pixelstrap.com/multikart/assets/images/home-banner/55.jpg]
[themes.pixelstrap.com/multikart/assets/images/home-banner/56.jpg]
[themes.pixelstrap.com/multikart/assets/images/portfolio/metro/1.jpg]
[themes.pixelstrap.com/multikart/assets/images/portfolio/metro/2.jpg]
[themes.pixelstrap.com/multikart/assets/images/portfolio/metro/3.jpg]
[themes.pixelstrap.com/multikart/assets/images/portfolio/metro/4.jpg]
[themes.pixelstrap.com/multikart/assets/images/portfolio/metro/7.jpg]
[themes.pixelstrap.com/multikart/assets/images/portfolio/metro/6.jpg]
[themes.pixelstrap.com/multikart/assets/images/portfolio/metro/8.jpg]
[themes.pixelstrap.com/multikart/assets/images/portfolio/metro/5.jpg]
[themes.pixelstrap.com/multikart/assets/images/portfolio/metro/11.jpg]
[themes.pixelstrap.com/multikart/assets/images/portfolio/metro/10.jpg]
[themes.pixelstrap.com/multikart/assets/images/portfolio/metro/12.jpg]
[themes.pixelstrap.com/multikart/assets/images/portfolio/metro/9.jpg]
[themes.pixelstrap.com/multikart/assets/images/portfolio/metro/15.jpg]
[themes.pixelstrap.com/multikart/assets/images/portfolio/metro/16.jpg]
[themes.pixelstrap.com/multikart/assets/images/portfolio/metro/13.jpg]
[themes.pixelstrap.com/multikart/assets/images/portfolio/metro/14.jpg]
[themes.pixelstrap.com/multikart/assets/images/blog/fashion/1.jpg]
[themes.pixelstrap.com/multikart/assets/images/blog/fashion/2.jpg]
[themes.pixelstrap.com/multikart/assets/images/blog/fashion/3.jpg]
[themes.pixelstrap.com/multikart/assets/images/blog/fashion/4.jpg]
[themes.pixelstrap.com/multikart/assets/images/slider/5.jpg]
[themes.pixelstrap.com/multikart/assets/images/slider/1.jpg]
[themes.pixelstrap.com/multikart/assets/images/slider/10.jpg]
[themes.pixelstrap.com/multikart/assets/js/isotope.min.js]
[themes.pixelstrap.com/multikart/assets/js/main.js]
[themes.pixelstrap.com/multikart/front-end/left_sidebar-demo.html]
[themes.pixelstrap.com/multikart/assets/images/favicon/16.png]
[themes.pixelstrap.com/multikart/assets/images/icon/logo/13.png]
[themes.pixelstrap.com/multikart/assets/images/jewellery/icon/heart.png]
[themes.pixelstrap.com/multikart/assets/images/jewellery/icon/avatar.png]
[themes.pixelstrap.com/multikart/assets/images/jewellery/icon/search.png]
[themes.pixelstrap.com/multikart/assets/images/jewellery/icon/controls.png]
[themes.pixelstrap.com/multikart/assets/images/jewellery/icon/cart.png]
[themes.pixelstrap.com/multikart/assets/images/home-banner/47.jpg]
[themes.pixelstrap.com/multikart/assets/images/home-banner/48.jpg]
[themes.pixelstrap.com/multikart/assets/images/jewellery/pro/1.jpg]
[themes.pixelstrap.com/multikart/assets/images/jewellery/pro/2.jpg]
[themes.pixelstrap.com/multikart/assets/images/jewellery/pro/3.jpg]
[themes.pixelstrap.com/multikart/assets/images/jewellery/pro/4.jpg]
[themes.pixelstrap.com/multikart/assets/images/jewellery/pro/5.jpg]
[themes.pixelstrap.com/multikart/assets/images/parallax/18.jpg]
[themes.pixelstrap.com/multikart/assets/images/jewellery/pro/6.jpg]
[themes.pixelstrap.com/multikart/assets/images/jewellery/pro/7.jpg]
[themes.pixelstrap.com/multikart/assets/images/jewellery/pro/8.jpg]
[themes.pixelstrap.com/multikart/assets/images/jewellery/pro/9.jpg]
[themes.pixelstrap.com/multikart/assets/images/jewellery/pro/10.jpg]
[themes.pixelstrap.com/multikart/assets/images/jewellery/pro/11.jpg]
[themes.pixelstrap.com/multikart/assets/images/jewellery/pro/12.jpg]
[themes.pixelstrap.com/multikart/assets/images/jewellery/pro/13.jpg]
[themes.pixelstrap.com/multikart/assets/images/jewellery/pro/14.jpg]
[themes.pixelstrap.com/multikart/assets/images/jewellery/pro/15.jpg]
[themes.pixelstrap.com/multikart/assets/images/jewellery/pro/16.jpg]
[themes.pixelstrap.com/multikart/assets/images/jewellery/pro/17.jpg]
[themes.pixelstrap.com/multikart/assets/images/jewellery/pro/18.jpg]
[themes.pixelstrap.com/multikart/assets/images/jewellery/pro/19.jpg]
[themes.pixelstrap.com/multikart/assets/images/jewellery/pro/20.jpg]
[themes.pixelstrap.com/multikart/assets/images/jewellery/pro/21.jpg]
[themes.pixelstrap.com/multikart/assets/images/slider/jewellery/1.jpg]
[themes.pixelstrap.com/multikart/assets/images/slider/jewellery/2.jpg]
[themes.pixelstrap.com/multikart/assets/images/slider/jewellery/4.jpg]
[themes.pixelstrap.com/multikart/assets/images/slider/jewellery/5.jpg]
[themes.pixelstrap.com/multikart/assets/images/slider/jewellery/6.jpg]
[themes.pixelstrap.com/multikart/assets/images/slider/jewellery/9.jpg]
[themes.pixelstrap.com/multikart/assets/images/slider/jewellery/8.jpg]
[themes.pixelstrap.com/multikart/front-end/jewellery.html]
[themes.pixelstrap.com/multikart/assets/images/favicon/15.png]
[themes.pixelstrap.com/multikart/assets/images/icon/logo/14.png]
[themes.pixelstrap.com/multikart/assets/images/home-banner/46.jpg]
[themes.pixelstrap.com/multikart/assets/images/home-banner/45.jpg]
[themes.pixelstrap.com/multikart/assets/images/pets/banner/1.jpg]
[themes.pixelstrap.com/multikart/assets/images/pets/banner/2.jpg]
[themes.pixelstrap.com/multikart/assets/images/pets/banner/3.jpg]
[themes.pixelstrap.com/multikart/assets/images/pets/banner/4.jpg]
[themes.pixelstrap.com/multikart/assets/images/pets/banner/5.jpg]
[themes.pixelstrap.com/multikart/assets/images/pets/banner/6.jpg]
[themes.pixelstrap.com/multikart/assets/images/pets/pro/10.jpg]
[themes.pixelstrap.com/multikart/assets/images/pets/pro/13.jpg]
[themes.pixelstrap.com/multikart/assets/images/pets/pro/12.jpg]
[themes.pixelstrap.com/multikart/assets/images/pets/pro/11.jpg]
[themes.pixelstrap.com/multikart/assets/images/pets/pro/5.jpg]
[themes.pixelstrap.com/multikart/assets/images/parallax/19.jpg]
[themes.pixelstrap.com/multikart/assets/images/dog.png]
[themes.pixelstrap.com/multikart/assets/images/pets/pro/2.jpg]
[themes.pixelstrap.com/multikart/assets/images/pets/pro/8.jpg]
[themes.pixelstrap.com/multikart/assets/images/pets/pro/9.jpg]
[themes.pixelstrap.com/multikart/assets/images/pets/pro/14.jpg]
[themes.pixelstrap.com/multikart/assets/images/pets/blog/1.jpg]
[themes.pixelstrap.com/multikart/assets/images/pets/blog/2.jpg]
[themes.pixelstrap.com/multikart/assets/images/pets/blog/4.jpg]
[themes.pixelstrap.com/multikart/assets/images/pets/blog/3.jpg]
[themes.pixelstrap.com/multikart/front-end/pets.html]
[themes.pixelstrap.com/multikart/assets/images/favicon/18.png]
[themes.pixelstrap.com/multikart/assets/images/icon/logo/16.png]
[themes.pixelstrap.com/multikart/assets/images/icon/layout4/search.png]
[themes.pixelstrap.com/multikart/assets/images/icon/layout4/setting.png]
[themes.pixelstrap.com/multikart/assets/images/icon/layout4/cart.png]
[themes.pixelstrap.com/multikart/assets/images/mega-menu/bag.jpg]
[themes.pixelstrap.com/multikart/assets/images/bags/1.jpg]
[themes.pixelstrap.com/multikart/assets/images/bags/9.jpg]
[themes.pixelstrap.com/multikart/assets/images/home-banner/54.jpg]
[themes.pixelstrap.com/multikart/assets/images/home-banner/53.jpg]
[themes.pixelstrap.com/multikart/assets/images/slider/fashion/2.jpg]
[themes.pixelstrap.com/multikart/assets/images/slider/fashion/3.jpg]
[themes.pixelstrap.com/multikart/assets/images/slider/fashion/4.jpg]
[themes.pixelstrap.com/multikart/assets/images/slider/fashion/9.jpg]
[themes.pixelstrap.com/multikart/assets/images/slider/fashion/6.jpg]
[themes.pixelstrap.com/multikart/assets/images/slider/fashion/7.jpg]
[themes.pixelstrap.com/multikart/assets/images/slider/fashion/8.jpg]
[themes.pixelstrap.com/multikart/assets/images/icon/logo/f5.png]
[themes.pixelstrap.com/multikart/front-end/metro.html]
[themes.pixelstrap.com/multikart/assets/images/favicon/17.png]
[themes.pixelstrap.com/multikart/assets/images/icon/logo/17.png]
[themes.pixelstrap.com/multikart/assets/images/fashion/banner/6.jpg]
[themes.pixelstrap.com/multikart/assets/images/fashion/pro/1.jpg]
[themes.pixelstrap.com/multikart/assets/images/fashion/pro/01.jpg]
[themes.pixelstrap.com/multikart/assets/images/fashion/pro/2.jpg]
[themes.pixelstrap.com/multikart/assets/images/fashion/pro/02.jpg]
[themes.pixelstrap.com/multikart/assets/images/fashion/pro/3.jpg]
[themes.pixelstrap.com/multikart/assets/images/fashion/pro/03.jpg]
[themes.pixelstrap.com/multikart/assets/images/fashion/pro/4.jpg]
[themes.pixelstrap.com/multikart/assets/images/fashion/pro/04.jpg]
[themes.pixelstrap.com/multikart/assets/images/fashion/pro/5.jpg]
[themes.pixelstrap.com/multikart/assets/images/fashion/pro/05.jpg]
[themes.pixelstrap.com/multikart/assets/images/fashion/pro/6.jpg]
[themes.pixelstrap.com/multikart/assets/images/fashion/pro/06.jpg]
[themes.pixelstrap.com/multikart/assets/images/fashion/pro/7.jpg]
[themes.pixelstrap.com/multikart/assets/images/fashion/pro/07.jpg]
[themes.pixelstrap.com/multikart/assets/images/fashion/pro/8.jpg]
[themes.pixelstrap.com/multikart/assets/images/fashion/pro/08.jpg]
[themes.pixelstrap.com/multikart/assets/images/fashion/pro/9.jpg]
[themes.pixelstrap.com/multikart/assets/images/fashion/pro/09.jpg]
[themes.pixelstrap.com/multikart/assets/images/fashion/pro/10.jpg]
[themes.pixelstrap.com/multikart/assets/images/fashion/pro/010.jpg]
[themes.pixelstrap.com/multikart/assets/images/parallax/24.jpg]
[themes.pixelstrap.com/multikart/assets/images/fashion/pro/11.jpg]
[themes.pixelstrap.com/multikart/assets/images/fashion/pro/011.jpg]
[themes.pixelstrap.com/multikart/assets/images/fashion/pro/12.jpg]
[themes.pixelstrap.com/multikart/assets/images/fashion/pro/012.jpg]
[themes.pixelstrap.com/multikart/assets/images/fashion/pro/13.jpg]
[themes.pixelstrap.com/multikart/assets/images/fashion/pro/013.jpg]
[themes.pixelstrap.com/multikart/assets/images/fashion/pro/14.jpg]
[themes.pixelstrap.com/multikart/assets/images/fashion/pro/014.jpg]
[themes.pixelstrap.com/multikart/assets/images/fashion/pro/15.jpg]
[themes.pixelstrap.com/multikart/assets/images/fashion/pro/015.jpg]
[themes.pixelstrap.com/multikart/assets/images/fashion/pro/16.jpg]
[themes.pixelstrap.com/multikart/assets/images/fashion/pro/016.jpg]
[themes.pixelstrap.com/multikart/assets/images/fashion/pro/17.jpg]
[themes.pixelstrap.com/multikart/assets/images/fashion/pro/017.jpg]
[themes.pixelstrap.com/multikart/assets/images/offer.jpg]
[themes.pixelstrap.com/multikart/assets/js/jquery.vide.min.js]
[themes.pixelstrap.com/multikart/front-end/video-slider.html]
[themes.pixelstrap.com/multikart/assets/images/favicon/12.png]
[themes.pixelstrap.com/multikart/assets/images/icon/logo/12.png]
[themes.pixelstrap.com/multikart/assets/images/home-banner/19.jpg]
[themes.pixelstrap.com/multikart/assets/images/home-banner/20.jpg]
[themes.pixelstrap.com/multikart/assets/images/fashion/1.jpg]
[themes.pixelstrap.com/multikart/assets/images/fashion/2.jpg]
[themes.pixelstrap.com/multikart/assets/images/fashion/3.jpg]
[themes.pixelstrap.com/multikart/assets/images/fashion/4.jpg]
[themes.pixelstrap.com/multikart/assets/images/fashion/product/7.jpg]
[themes.pixelstrap.com/multikart/assets/images/fashion/product/1-.jpg]
[themes.pixelstrap.com/multikart/assets/images/fashion/product/3.jpg]
[themes.pixelstrap.com/multikart/assets/images/fashion/product/9.jpg]
[themes.pixelstrap.com/multikart/assets/images/fashion/product/5.jpg]
[themes.pixelstrap.com/multikart/assets/images/fashion/product/6.jpg]
[themes.pixelstrap.com/multikart/assets/images/fashion/product/8.jpg]
[themes.pixelstrap.com/multikart/assets/images/fashion/product/11.jpg]
[themes.pixelstrap.com/multikart/assets/images/fashion/product/36.jpg]
[themes.pixelstrap.com/multikart/assets/images/fashion/product/15.jpg]
[themes.pixelstrap.com/multikart/assets/images/fashion/product/16.jpg]
[themes.pixelstrap.com/multikart/assets/images/fashion/product/17.jpg]
[themes.pixelstrap.com/multikart/assets/images/fashion/product/33.jpg]
[themes.pixelstrap.com/multikart/assets/images/fashion/product/50.jpg]
[themes.pixelstrap.com/multikart/assets/images/fashion/product/54.jpg]
[themes.pixelstrap.com/multikart/assets/images/fashion/product/56.jpg]
[themes.pixelstrap.com/multikart/assets/images/fashion/product/27.jpg]
[themes.pixelstrap.com/multikart/assets/images/fashion/product/28.jpg]
[themes.pixelstrap.com/multikart/assets/images/fashion/product/58.jpg]
[themes.pixelstrap.com/multikart/assets/images/fashion/product/59.jpg]
[themes.pixelstrap.com/multikart/assets/images/parallax/13.jpg]
[themes.pixelstrap.com/multikart/assets/images/fashion/product/4.jpg]
[themes.pixelstrap.com/multikart/assets/images/fashion/product/42.jpg]
[themes.pixelstrap.com/multikart/assets/images/fashion/product/44.jpg]
[themes.pixelstrap.com/multikart/assets/images/fashion/product/25.jpg]
[themes.pixelstrap.com/multikart/assets/images/fashion/product/10.jpg]
[themes.pixelstrap.com/multikart/assets/images/fashion/product/12.jpg]
[themes.pixelstrap.com/multikart/assets/images/fashion/product/14.jpg]
[themes.pixelstrap.com/multikart/assets/images/fashion/product/39.jpg]
[themes.pixelstrap.com/multikart/assets/images/fashion/product/21.jpg]
[themes.pixelstrap.com/multikart/assets/images/icon/logo/f3.png]
[themes.pixelstrap.com/multikart/front-end/fashion-2.html]
[themes.pixelstrap.com/multikart/assets/images/home-banner/36.jpg]
[themes.pixelstrap.com/multikart/assets/images/home-banner/37.jpg]
[themes.pixelstrap.com/multikart/assets/images/fashion/product/30.jpg]
[themes.pixelstrap.com/multikart/assets/images/fashion/product/26.jpg]
[themes.pixelstrap.com/multikart/assets/images/parallax/16.jpg]
[themes.pixelstrap.com/multikart/front-end/fashion-3.html]
[themes.pixelstrap.com/multikart/assets/images/favicon/10.png]
[themes.pixelstrap.com/multikart/assets/images/icon/logo/6.png]
[themes.pixelstrap.com/multikart/assets/images/home-banner/21.jpg]
[themes.pixelstrap.com/multikart/assets/images/home-banner/22.jpg]
[themes.pixelstrap.com/multikart/assets/images/kids/2.jpg]
[themes.pixelstrap.com/multikart/assets/images/kids/1.jpg]
[themes.pixelstrap.com/multikart/assets/images/kids/product/1.jpg]
[themes.pixelstrap.com/multikart/assets/images/kids/product/2.jpg]
[themes.pixelstrap.com/multikart/assets/images/kids/product/8.jpg]
[themes.pixelstrap.com/multikart/assets/images/kids/product/9.jpg]
[themes.pixelstrap.com/multikart/assets/images/kids/product/3.jpg]
[themes.pixelstrap.com/multikart/assets/images/kids/product/4.jpg]
[themes.pixelstrap.com/multikart/assets/images/kids/product/5.jpg]
[themes.pixelstrap.com/multikart/assets/images/kids/product/6.jpg]
[themes.pixelstrap.com/multikart/assets/images/kids/product/7.jpg]
[themes.pixelstrap.com/multikart/assets/images/parallax/11.jpg]
[themes.pixelstrap.com/multikart/assets/images/kids/product/25.jpg]
[themes.pixelstrap.com/multikart/assets/images/kids/product/22.jpg]
[themes.pixelstrap.com/multikart/assets/images/kids/product/20.jpg]
[themes.pixelstrap.com/multikart/assets/images/kids/product/18.jpg]
[themes.pixelstrap.com/multikart/assets/images/kids/product/15.jpg]
[themes.pixelstrap.com/multikart/assets/images/kids/product/10.jpg]
[themes.pixelstrap.com/multikart/assets/images/kids/product/11.jpg]
[themes.pixelstrap.com/multikart/assets/images/kids/product/12.jpg]
[themes.pixelstrap.com/multikart/assets/images/kids/product/13.jpg]
[themes.pixelstrap.com/multikart/assets/images/kids/product/14.jpg]
[themes.pixelstrap.com/multikart/assets/images/kids/product/16.jpg]
[themes.pixelstrap.com/multikart/assets/images/kids/product/17.jpg]
[themes.pixelstrap.com/multikart/assets/images/kids/product/19.jpg]
[themes.pixelstrap.com/multikart/assets/images/kids/product/21.jpg]
[themes.pixelstrap.com/multikart/assets/images/slider/kids/2.jpg]
[themes.pixelstrap.com/multikart/assets/images/slider/kids/3.jpg]
[themes.pixelstrap.com/multikart/assets/images/slider/kids/4.jpg]
[themes.pixelstrap.com/multikart/assets/images/slider/kids/9.jpg]
[themes.pixelstrap.com/multikart/assets/images/slider/kids/6.jpg]
[themes.pixelstrap.com/multikart/assets/images/slider/kids/7.jpg]
[themes.pixelstrap.com/multikart/assets/images/slider/kids/8.jpg]
[themes.pixelstrap.com/multikart/front-end/kids.html]
[themes.pixelstrap.com/multikart/assets/images/favicon/4.png]
[themes.pixelstrap.com/multikart/assets/images/icon/layout4/logo.png]
[themes.pixelstrap.com/multikart/assets/images/mega-menu/watches.jpg]
[themes.pixelstrap.com/multikart/assets/images/home-banner/9.jpg]
[themes.pixelstrap.com/multikart/assets/images/home-banner/10.jpg]
[themes.pixelstrap.com/multikart/assets/images/home-banner/11.jpg]
[themes.pixelstrap.com/multikart/assets/images/watch/cat1.png]
[themes.pixelstrap.com/multikart/assets/images/watch/cat2.png]
[themes.pixelstrap.com/multikart/assets/images/watch/cat3.png]
[themes.pixelstrap.com/multikart/assets/images/pro2/7.jpg]
[themes.pixelstrap.com/multikart/assets/images/pro2/14.jpg]
[themes.pixelstrap.com/multikart/assets/images/pro2/21.jpg]
[themes.pixelstrap.com/multikart/assets/images/pro2/33.jpg]
[themes.pixelstrap.com/multikart/assets/images/pro2/43.jpg]
[themes.pixelstrap.com/multikart/assets/images/pro2/44.jpg]
[themes.pixelstrap.com/multikart/assets/images/pro2/45.jpg]
[themes.pixelstrap.com/multikart/assets/images/pro2/51.jpg]
[themes.pixelstrap.com/multikart/assets/images/pro2/6.jpg]
[themes.pixelstrap.com/multikart/assets/images/pro2/22.jpg]
[themes.pixelstrap.com/multikart/assets/images/pro2/34.jpg]
[themes.pixelstrap.com/multikart/assets/images/pro2/50.jpg]
[themes.pixelstrap.com/multikart/assets/images/banner1.jpg]
[themes.pixelstrap.com/multikart/assets/images/banner2.jpg]
[themes.pixelstrap.com/multikart/assets/images/banner.jpg]
[themes.pixelstrap.com/multikart/assets/images/blog/layout4/1.jpg]
[themes.pixelstrap.com/multikart/assets/images/blog/layout4/2.jpg]
[themes.pixelstrap.com/multikart/assets/images/blog/layout4/3.jpg]
[themes.pixelstrap.com/multikart/assets/images/blog/layout4/4.jpg]
[themes.pixelstrap.com/multikart/assets/images/blog/layout4/5.jpg]
[themes.pixelstrap.com/multikart/assets/images/slider/watches/1.jpg]
[themes.pixelstrap.com/multikart/assets/images/slider/watches/2.jpg]
[themes.pixelstrap.com/multikart/assets/images/slider/watches/3.jpg]
[themes.pixelstrap.com/multikart/assets/images/slider/watches/4.jpg]
[themes.pixelstrap.com/multikart/assets/images/slider/watches/5.jpg]
[themes.pixelstrap.com/multikart/assets/images/slider/watches/6.jpg]
[themes.pixelstrap.com/multikart/assets/images/slider/watches/7.jpg]
[themes.pixelstrap.com/multikart/front-end/watch.html]
[themes.pixelstrap.com/multikart/assets/images/blog/layout2/1.jpg]
[themes.pixelstrap.com/multikart/assets/images/blog/layout2/2.jpg]
[themes.pixelstrap.com/multikart/assets/images/blog/layout2/3.jpg]
[themes.pixelstrap.com/multikart/assets/images/blog/layout2/4.jpg]
[themes.pixelstrap.com/multikart/assets/images/blog/layout2/5.jpg]
[themes.pixelstrap.com/multikart/assets/images/slider/shoes/2.jpg]
[themes.pixelstrap.com/multikart/assets/images/slider/shoes/3.jpg]
[themes.pixelstrap.com/multikart/assets/images/slider/shoes/4.jpg]
[themes.pixelstrap.com/multikart/assets/images/slider/shoes/9.jpg]
[themes.pixelstrap.com/multikart/assets/images/slider/shoes/6.jpg]
[themes.pixelstrap.com/multikart/assets/images/slider/shoes/7.jpg]
[themes.pixelstrap.com/multikart/assets/images/slider/shoes/8.jpg]
[themes.pixelstrap.com/multikart/assets/images/slider/shoes/10.jpg]
[themes.pixelstrap.com/multikart/assets/images/slider/shoes/1.jpg]
[themes.pixelstrap.com/multikart/assets/images/pro/34.jpg]
[themes.pixelstrap.com/multikart/assets/images/pro/27.jpg]
[themes.pixelstrap.com/multikart/front-end/shoes.html]
[themes.pixelstrap.com/multikart/assets/images/favicon/7.png]
[themes.pixelstrap.com/multikart/assets/images/icon/logo/3.png]
[themes.pixelstrap.com/multikart/assets/images/mega-menu/electronic/3.jpg]
[themes.pixelstrap.com/multikart/assets/images/electronics/pro/1.jpg]
[themes.pixelstrap.com/multikart/assets/images/electronics/pro/7.jpg]
[themes.pixelstrap.com/multikart/assets/images/home-banner/15.jpg]
[themes.pixelstrap.com/multikart/assets/images/home-banner/16.jpg]
[themes.pixelstrap.com/multikart/assets/images/electronics/sub1.jpg]
[themes.pixelstrap.com/multikart/assets/images/electronics/sub2.jpg]
[themes.pixelstrap.com/multikart/assets/images/electronics/sub3.jpg]
[themes.pixelstrap.com/multikart/assets/images/electronics/pro/2.jpg]
[themes.pixelstrap.com/multikart/assets/images/electronics/pro/3.jpg]
[themes.pixelstrap.com/multikart/assets/images/electronics/pro/4.jpg]
[themes.pixelstrap.com/multikart/assets/images/electronics/pro/5.jpg]
[themes.pixelstrap.com/multikart/assets/images/electronics/pro/6.jpg]
[themes.pixelstrap.com/multikart/assets/images/electronics/pro/8.jpg]
[themes.pixelstrap.com/multikart/assets/images/electronics/pro/9.jpg]
[themes.pixelstrap.com/multikart/assets/images/electronics/pro/10.jpg]
[themes.pixelstrap.com/multikart/assets/images/electronics/pro/11.jpg]
[themes.pixelstrap.com/multikart/assets/images/electronics/pro/12.jpg]
[themes.pixelstrap.com/multikart/assets/images/electronics/pro/13.jpg]
[themes.pixelstrap.com/multikart/assets/images/electronics/pro/14.jpg]
[themes.pixelstrap.com/multikart/assets/images/electronics/pro/15.jpg]
[themes.pixelstrap.com/multikart/assets/images/electronics/pro/16.jpg]
[themes.pixelstrap.com/multikart/assets/images/electronics/pro/17.jpg]
[themes.pixelstrap.com/multikart/front-end/electronic-1.html]
[themes.pixelstrap.com/multikart/assets/images/favicon/9.png]
[themes.pixelstrap.com/multikart/assets/images/icon/logo/5.png]
[themes.pixelstrap.com/multikart/assets/images/electronics/1.jpg]
[themes.pixelstrap.com/multikart/assets/images/electronics/2.jpg]
[themes.pixelstrap.com/multikart/assets/images/electronics/4.jpg]
[themes.pixelstrap.com/multikart/assets/images/electronics/5.jpg]
[themes.pixelstrap.com/multikart/assets/images/electronics/6.jpg]
[themes.pixelstrap.com/multikart/assets/images/electronics/7.jpg]
[themes.pixelstrap.com/multikart/assets/images/electronics/product/1.jpg]
[themes.pixelstrap.com/multikart/assets/images/electronics/product/2.jpg]
[themes.pixelstrap.com/multikart/assets/images/electronics/product/3.jpg]
[themes.pixelstrap.com/multikart/assets/images/electronics/product/4.jpg]
[themes.pixelstrap.com/multikart/assets/images/electronics/product/5.jpg]
[themes.pixelstrap.com/multikart/assets/images/electronics/product/6.jpg]
[themes.pixelstrap.com/multikart/assets/images/electronics/product/7.jpg]
[themes.pixelstrap.com/multikart/assets/images/electronics/product/8.jpg]
[themes.pixelstrap.com/multikart/assets/images/electronics/product/9.jpg]
[themes.pixelstrap.com/multikart/assets/images/electronics/product/10.jpg]
[themes.pixelstrap.com/multikart/front-end/electronic-2.html]
[themes.pixelstrap.com/multikart/assets/images/favicon/3.png]
[themes.pixelstrap.com/multikart/assets/images/home-banner/6.jpg]
[themes.pixelstrap.com/multikart/assets/images/home-banner/7.jpg]
[themes.pixelstrap.com/multikart/assets/images/home-banner/8.jpg]
[themes.pixelstrap.com/multikart/assets/images/bags/7.jpg]
[themes.pixelstrap.com/multikart/assets/images/bags/19.jpg]
[themes.pixelstrap.com/multikart/assets/images/bags/20.jpg]
[themes.pixelstrap.com/multikart/assets/images/bags/23.jpg]
[themes.pixelstrap.com/multikart/assets/images/bags/24.jpg]
[themes.pixelstrap.com/multikart/assets/images/bags/6.jpg]
[themes.pixelstrap.com/multikart/assets/images/parallax/2.jpg]
[themes.pixelstrap.com/multikart/assets/images/cat1.jpg]
[themes.pixelstrap.com/multikart/assets/images/cat2.jpg]
[themes.pixelstrap.com/multikart/assets/images/cat3.jpg]
[themes.pixelstrap.com/multikart/assets/images/blog/layout3/1.jpg]
[themes.pixelstrap.com/multikart/assets/images/blog/layout3/2.jpg]
[themes.pixelstrap.com/multikart/assets/images/blog/layout3/3.jpg]
[themes.pixelstrap.com/multikart/assets/images/blog/layout3/4.jpg]
[themes.pixelstrap.com/multikart/assets/images/blog/layout3/5.jpg]
[themes.pixelstrap.com/multikart/assets/images/slider/bags/1.jpg]
[themes.pixelstrap.com/multikart/assets/images/slider/bags/2.jpg]
[themes.pixelstrap.com/multikart/assets/images/slider/bags/3.jpg]
[themes.pixelstrap.com/multikart/assets/images/slider/bags/4.jpg]
[themes.pixelstrap.com/multikart/assets/images/slider/bags/5.jpg]
[themes.pixelstrap.com/multikart/assets/images/slider/bags/6.jpg]
[themes.pixelstrap.com/multikart/assets/images/slider/bags/7.jpg]
[themes.pixelstrap.com/multikart/assets/images/slider/bags/8.jpg]
[themes.pixelstrap.com/multikart/assets/images/icon/layout3/footerlogo.png]
[themes.pixelstrap.com/multikart/front-end/bags.html]
[themes.pixelstrap.com/multikart/assets/images/favicon/11.png]
[themes.pixelstrap.com/multikart/assets/images/mega-menu/nursery/1.jpg]
[themes.pixelstrap.com/multikart/assets/images/icon/logo/7.png]
[themes.pixelstrap.com/multikart/assets/images/nursery/pro/1.jpg]
[themes.pixelstrap.com/multikart/assets/images/nursery/pro/2.jpg]
[themes.pixelstrap.com/multikart/assets/images/home-banner/33.jpg]
[themes.pixelstrap.com/multikart/assets/images/home-banner/32.jpg]
[themes.pixelstrap.com/multikart/assets/images/nursery/pro/3.jpg]
[themes.pixelstrap.com/multikart/assets/images/nursery/pro/4.jpg]
[themes.pixelstrap.com/multikart/assets/images/nursery/pro/5.jpg]
[themes.pixelstrap.com/multikart/assets/images/nursery/pro/6.jpg]
[themes.pixelstrap.com/multikart/assets/images/nursery/pro/7.jpg]
[themes.pixelstrap.com/multikart/assets/images/nursery/1.jpg]
[themes.pixelstrap.com/multikart/assets/images/nursery/2.jpg]
[themes.pixelstrap.com/multikart/assets/images/nursery/3.jpg]
[themes.pixelstrap.com/multikart/assets/images/slider/nursery/1.jpg]
[themes.pixelstrap.com/multikart/assets/images/slider/nursery/2.jpg]
[themes.pixelstrap.com/multikart/assets/images/slider/nursery/4.jpg]
[themes.pixelstrap.com/multikart/assets/images/slider/nursery/10.jpg]
[themes.pixelstrap.com/multikart/assets/images/slider/nursery/6.jpg]
[themes.pixelstrap.com/multikart/assets/images/slider/nursery/7.jpg]
[themes.pixelstrap.com/multikart/assets/images/slider/nursery/8.jpg]
[themes.pixelstrap.com/multikart/front-end/nursery.html]
[themes.pixelstrap.com/multikart/assets/images/mega-menu/flower/3.jpg]
[themes.pixelstrap.com/multikart/assets/images/flower/product/1.jpg]
[themes.pixelstrap.com/multikart/assets/images/flower/product/2.jpg]
[themes.pixelstrap.com/multikart/assets/images/home-banner/30.jpg]
[themes.pixelstrap.com/multikart/assets/images/home-banner/31.jpg]
[themes.pixelstrap.com/multikart/assets/images/flower/sub-banner2.jpg]
[themes.pixelstrap.com/multikart/assets/images/flower/sub-banner1.jpg]
[themes.pixelstrap.com/multikart/assets/images/flower/product/7.jpg]
[themes.pixelstrap.com/multikart/assets/images/flower/product/5.jpg]
[themes.pixelstrap.com/multikart/assets/images/flower/product/6.jpg]
[themes.pixelstrap.com/multikart/assets/images/flower/product/12.jpg]
[themes.pixelstrap.com/multikart/assets/images/flower/product/11.jpg]
[themes.pixelstrap.com/multikart/assets/images/flower/product/10.jpg]
[themes.pixelstrap.com/multikart/assets/images/flower/product/8.jpg]
[themes.pixelstrap.com/multikart/assets/images/flower/product/4.jpg]
[themes.pixelstrap.com/multikart/assets/images/flower/product/3.jpg]
[themes.pixelstrap.com/multikart/assets/images/flower/blog/1.jpg]
[themes.pixelstrap.com/multikart/assets/images/flower/blog/2.jpg]
[themes.pixelstrap.com/multikart/assets/images/flower/blog/3.jpg]
[themes.pixelstrap.com/multikart/assets/images/flower/insta/2.jpg]
[themes.pixelstrap.com/multikart/assets/images/flower/insta/3.jpg]
[themes.pixelstrap.com/multikart/assets/images/flower/insta/4.jpg]
[themes.pixelstrap.com/multikart/assets/images/flower/insta/5.jpg]
[themes.pixelstrap.com/multikart/assets/images/flower/insta/6.jpg]
[themes.pixelstrap.com/multikart/assets/images/flower/insta/7.jpg]
[themes.pixelstrap.com/multikart/assets/images/flower/insta/8.jpg]
[themes.pixelstrap.com/multikart/front-end/flower.html]
[themes.pixelstrap.com/multikart/assets/images/vegetables/pro/6.jpg]
[themes.pixelstrap.com/multikart/assets/images/vegetables/pro/9.jpg]
[themes.pixelstrap.com/multikart/assets/images/home-banner/39.jpg]
[themes.pixelstrap.com/multikart/assets/images/home-banner/38.jpg]
[themes.pixelstrap.com/multikart/assets/images/vegetables/pro/1.jpg]
[themes.pixelstrap.com/multikart/assets/images/vegetables/pro/2.jpg]
[themes.pixelstrap.com/multikart/assets/images/vegetables/pro/3.jpg]
[themes.pixelstrap.com/multikart/assets/images/vegetables/pro/4.jpg]
[themes.pixelstrap.com/multikart/assets/images/vegetables/pro/5.jpg]
[themes.pixelstrap.com/multikart/assets/images/parallax/15.jpg]
[themes.pixelstrap.com/multikart/assets/images/vegetables/pro/7.jpg]
[themes.pixelstrap.com/multikart/assets/images/vegetables/blog/1.jpg]
[themes.pixelstrap.com/multikart/assets/images/vegetables/blog/2.jpg]
[themes.pixelstrap.com/multikart/assets/images/vegetables/blog/3.jpg]
[themes.pixelstrap.com/multikart/assets/images/vegetables/blog/4.jpg]
[themes.pixelstrap.com/multikart/front-end/vegetables.html]
[themes.pixelstrap.com/multikart/assets/images/home-banner/34.jpg]
[themes.pixelstrap.com/multikart/assets/images/home-banner/35.jpg]
[themes.pixelstrap.com/multikart/assets/images/beauty/about-us.jpg]
[themes.pixelstrap.com/multikart/assets/images/beauty/pro/1.jpg]
[themes.pixelstrap.com/multikart/assets/images/beauty/pro/2.jpg]
[themes.pixelstrap.com/multikart/assets/images/beauty/pro/3.jpg]
[themes.pixelstrap.com/multikart/assets/images/beauty/pro/4.jpg]
[themes.pixelstrap.com/multikart/assets/images/beauty/pro/5.jpg]
[themes.pixelstrap.com/multikart/assets/images/beauty/pro/6.jpg]
[themes.pixelstrap.com/multikart/assets/images/beauty/pro/7.jpg]
[themes.pixelstrap.com/multikart/assets/images/beauty/pro/8.jpg]
[themes.pixelstrap.com/multikart/assets/images/beauty/pro/9.jpg]
[themes.pixelstrap.com/multikart/assets/images/beauty/pro/10.jpg]
[themes.pixelstrap.com/multikart/assets/images/beauty/pro/11.jpg]
[themes.pixelstrap.com/multikart/assets/images/beauty/video_1.jpg]
[themes.pixelstrap.com/multikart/assets/images/beauty/blog/1.jpg]
[themes.pixelstrap.com/multikart/assets/images/beauty/blog/2.jpg]
[themes.pixelstrap.com/multikart/assets/images/beauty/blog/3.jpg]
[themes.pixelstrap.com/multikart/assets/images/beauty/blog/4.jpg]
[themes.pixelstrap.com/multikart/assets/images/slider/beauty/2.jpg]
[themes.pixelstrap.com/multikart/assets/images/slider/beauty/3.jpg]
[themes.pixelstrap.com/multikart/assets/images/slider/beauty/4.jpg]
[themes.pixelstrap.com/multikart/assets/images/slider/beauty/6.jpg]
[themes.pixelstrap.com/multikart/assets/images/slider/beauty/7.jpg]
[themes.pixelstrap.com/multikart/assets/images/slider/beauty/1.jpg]
[themes.pixelstrap.com/multikart/front-end/beauty.html]
[themes.pixelstrap.com/multikart/assets/images/mega-menu/light/3.jpg]
[themes.pixelstrap.com/multikart/assets/images/furniture/product/15.jpg]
[themes.pixelstrap.com/multikart/assets/images/furniture/product/10.jpg]
[themes.pixelstrap.com/multikart/assets/images/home-banner/14.jpg]
[themes.pixelstrap.com/multikart/assets/images/furniture/1.jpg]
[themes.pixelstrap.com/multikart/assets/images/furniture/2.jpg]
[themes.pixelstrap.com/multikart/assets/images/furniture/3.jpg]
[themes.pixelstrap.com/multikart/assets/images/furniture/4.jpg]
[themes.pixelstrap.com/multikart/assets/images/furniture/5.jpg]
[themes.pixelstrap.com/multikart/assets/images/furniture/6.jpg]
[themes.pixelstrap.com/multikart/assets/images/furniture/7.jpg]
[themes.pixelstrap.com/multikart/assets/images/furniture/8.jpg]
[themes.pixelstrap.com/multikart/assets/images/furniture/9.jpg]
[themes.pixelstrap.com/multikart/front-end/light.html]
[themes.pixelstrap.com/multikart/assets/images/favicon/5.png]
[themes.pixelstrap.com/multikart/assets/images/icon/logo/1.png]
[themes.pixelstrap.com/multikart/assets/images/mega-menu/furniture/1.jpg]
[themes.pixelstrap.com/multikart/assets/images/furniture/product/4.jpg]
[themes.pixelstrap.com/multikart/assets/images/home-banner/13.jpg]
[themes.pixelstrap.com/multikart/assets/images/furniture/2banner1.jpg]
[themes.pixelstrap.com/multikart/assets/images/furniture/2banner2.jpg]
[themes.pixelstrap.com/multikart/assets/images/furniture/2banner3.jpg]
[themes.pixelstrap.com/multikart/assets/images/furniture/product/1.jpg]
[themes.pixelstrap.com/multikart/assets/images/furniture/product/2.jpg]
[themes.pixelstrap.com/multikart/assets/images/furniture/product/3.jpg]
[themes.pixelstrap.com/multikart/assets/images/furniture/product/6.jpg]
[themes.pixelstrap.com/multikart/assets/images/furniture/product/7.jpg]
[themes.pixelstrap.com/multikart/assets/images/furniture/product/8.jpg]
[themes.pixelstrap.com/multikart/assets/images/furniture/product/12.jpg]
[themes.pixelstrap.com/multikart/assets/images/furniture/product/14.jpg]
[themes.pixelstrap.com/multikart/assets/images/furniture/product/9.jpg]
[themes.pixelstrap.com/multikart/assets/images/furniture/product/11.jpg]
[themes.pixelstrap.com/multikart/assets/images/parallax/3.jpg]
[themes.pixelstrap.com/multikart/assets/images/furniture/blog1.jpg]
[themes.pixelstrap.com/multikart/assets/images/furniture/blog2.jpg]
[themes.pixelstrap.com/multikart/assets/images/furniture/blog3.jpg]
[themes.pixelstrap.com/multikart/front-end/furniture.html]
[themes.pixelstrap.com/multikart/assets/images/favicon/8.png]
[themes.pixelstrap.com/multikart/assets/images/icon/logo/4.png]
[themes.pixelstrap.com/multikart/assets/images/home-banner/17.jpg]
[themes.pixelstrap.com/multikart/assets/images/home-banner/18.jpg]
[themes.pixelstrap.com/multikart/assets/images/goggles/sub-banner.jpg]
[themes.pixelstrap.com/multikart/assets/images/goggles/sub-banner2.jpg]
[themes.pixelstrap.com/multikart/assets/images/goggles/sub-banner3.jpg]
[themes.pixelstrap.com/multikart/assets/images/goggles/product/1.jpg]
[themes.pixelstrap.com/multikart/assets/images/goggles/product/2.jpg]
[themes.pixelstrap.com/multikart/assets/images/goggles/product/3.jpg]
[themes.pixelstrap.com/multikart/assets/images/goggles/product/4.jpg]
[themes.pixelstrap.com/multikart/assets/images/goggles/product/5.jpg]
[themes.pixelstrap.com/multikart/assets/images/parallax/10.jpg]
[themes.pixelstrap.com/multikart/assets/images/goggles/product/6.jpg]
[themes.pixelstrap.com/multikart/assets/images/goggles/product/23.jpg]
[themes.pixelstrap.com/multikart/assets/images/goggles/product/9.jpg]
[themes.pixelstrap.com/multikart/assets/images/goggles/product/10.jpg]
[themes.pixelstrap.com/multikart/assets/images/goggles/product/11.jpg]
[themes.pixelstrap.com/multikart/assets/images/goggles/product/13.jpg]
[themes.pixelstrap.com/multikart/assets/images/goggles/product/14.jpg]
[themes.pixelstrap.com/multikart/assets/images/goggles/product/21.jpg]
[themes.pixelstrap.com/multikart/assets/images/goggles/product/15.jpg]
[themes.pixelstrap.com/multikart/assets/images/goggles/product/16.jpg]
[themes.pixelstrap.com/multikart/assets/images/goggles/product/20.jpg]
[themes.pixelstrap.com/multikart/assets/images/goggles/product/17.jpg]
[themes.pixelstrap.com/multikart/assets/images/goggles/product/18.jpg]
[themes.pixelstrap.com/multikart/assets/images/goggles/product/19.jpg]
[themes.pixelstrap.com/multikart/assets/images/slider/goggles/2.jpg]
[themes.pixelstrap.com/multikart/assets/images/slider/goggles/3.jpg]
[themes.pixelstrap.com/multikart/assets/images/slider/goggles/4.jpg]
[themes.pixelstrap.com/multikart/assets/images/slider/goggles/9.jpg]
[themes.pixelstrap.com/multikart/assets/images/slider/goggles/6.jpg]
[themes.pixelstrap.com/multikart/assets/images/slider/goggles/7.jpg]
[themes.pixelstrap.com/multikart/assets/images/slider/goggles/8.jpg]
[themes.pixelstrap.com/multikart/front-end/goggles.html]
[themes.pixelstrap.com/multikart/assets/images/fashion/lookbook/7.jpg]
[themes.pixelstrap.com/multikart/assets/images/fashion/lookbook/6.jpg]
[themes.pixelstrap.com/multikart/assets/images/fashion/lookbook/12.jpg]
[themes.pixelstrap.com/multikart/assets/images/fashion/lookbook/3.jpg]
[themes.pixelstrap.com/multikart/assets/images/fashion/lookbook/8.jpg]
[themes.pixelstrap.com/multikart/assets/images/fashion/lookbook/9.jpg]
[themes.pixelstrap.com/multikart/assets/images/fashion/lookbook/2.jpg]
[themes.pixelstrap.com/multikart/assets/images/fashion/lookbook/10.jpg]
[themes.pixelstrap.com/multikart/assets/images/fashion/lookbook/4.jpg]
[themes.pixelstrap.com/multikart/assets/images/fashion/lookbook/11.jpg]
[themes.pixelstrap.com/multikart/assets/images/fashion/lookbook/1.jpg]
[themes.pixelstrap.com/multikart/assets/images/fashion/lookbook/5.jpg]
[themes.pixelstrap.com/multikart/front-end/lookbook-demo.html]
[themes.pixelstrap.com/multikart/front-end/instagram-shop.html]
[snapppt.com/widgets/widget_loader/d933682c-2c8d-4412-9672-f71aca512c72/grid.js]
[cdnjs.cloudflare.com/ajax/libs/slick-carousel/1.6.0/slick.min.css]
[themes.pixelstrap.com/multikart/front-end/video.html]
[themes.pixelstrap.com/multikart/assets/images/favicon/6.png]
[themes.pixelstrap.com/multikart/assets/images/icon/logo/2.png]
[themes.pixelstrap.com/multikart/assets/images/parallax/4.jpg]
[themes.pixelstrap.com/multikart/assets/images/parallax/5.jpg]
[themes.pixelstrap.com/multikart/assets/images/parallax/6.jpg]
[themes.pixelstrap.com/multikart/assets/images/parallax/7.jpg]
[themes.pixelstrap.com/multikart/front-end/parallax.html]
[themes.pixelstrap.com/multikart/assets/images/home-banner/25.jpg]
[themes.pixelstrap.com/multikart/assets/images/home-banner/24.jpg]
[themes.pixelstrap.com/multikart/assets/images/home-banner/23.jpg]
[themes.pixelstrap.com/multikart/assets/images/home-banner/26.jpg]
[themes.pixelstrap.com/multikart/front-end/full-page.html]
[themes.pixelstrap.com/multikart/assets/images/side-banner.png]
[themes.pixelstrap.com/multikart/assets/images/mega-menu/2.jpg]
[themes.pixelstrap.com/multikart/assets/images/icon/2.png]
[themes.pixelstrap.com/multikart/assets/images/icon/3.png]
[themes.pixelstrap.com/multikart/assets/images/icon/4.png]
[themes.pixelstrap.com/multikart/assets/images/icon/6.png]
[themes.pixelstrap.com/multikart/assets/js/price-range.js]
[themes.pixelstrap.com/multikart/front-end/category-page.html]
[themes.pixelstrap.com/multikart/front-end/category-page(right).html]
[themes.pixelstrap.com/multikart/front-end/category-page(no-sidebar).html]
[themes.pixelstrap.com/multikart/front-end/category-page(sidebar-popup).html]
[themes.pixelstrap.com/multikart/front-end/category-page(metro).html]
[themes.pixelstrap.com/multikart/assets/images/portfolio/1.jpg]
[themes.pixelstrap.com/multikart/assets/images/portfolio/2.jpg]
[themes.pixelstrap.com/multikart/assets/images/portfolio/3.jpg]
[themes.pixelstrap.com/multikart/assets/images/portfolio/4.jpg]
[themes.pixelstrap.com/multikart/assets/images/portfolio/5.jpg]
[themes.pixelstrap.com/multikart/assets/images/portfolio/6.jpg]
[themes.pixelstrap.com/multikart/assets/images/portfolio/7.jpg]
[themes.pixelstrap.com/multikart/assets/images/portfolio/8.jpg]
[themes.pixelstrap.com/multikart/assets/images/portfolio/9.jpg]
[themes.pixelstrap.com/multikart/assets/images/portfolio/10.jpg]
[themes.pixelstrap.com/multikart/assets/images/portfolio/11.jpg]
[themes.pixelstrap.com/multikart/assets/images/portfolio/12.jpg]
[themes.pixelstrap.com/multikart/assets/images/portfolio/13.jpg]
[themes.pixelstrap.com/multikart/assets/images/portfolio/14.jpg]
[themes.pixelstrap.com/multikart/assets/images/portfolio/18.jpg]
[themes.pixelstrap.com/multikart/assets/images/portfolio/19.jpg]
[themes.pixelstrap.com/multikart/assets/images/portfolio/20.jpg]
[themes.pixelstrap.com/multikart/front-end/category-page(full-width).html]
[themes.pixelstrap.com/multikart/front-end/category-page(infinite-scroll).html]
[themes.pixelstrap.com/multikart/front-end/category-page(3-grid).html]
[themes.pixelstrap.com/multikart/front-end/category-page(6-grid).html]
[themes.pixelstrap.com/multikart/front-end/category-page(list-view).html]
[themes.pixelstrap.com/multikart/assets/images/size-chart.jpg]
[themes.pixelstrap.com/multikart/assets/js/jquery.elevatezoom.js]
[themes.pixelstrap.com/multikart/front-end/product-page.html]
[themes.pixelstrap.com/multikart/front-end/product-page(right-sidebar).html]
[themes.pixelstrap.com/multikart/front-end/product-page(no-sidebar).html]
[themes.pixelstrap.com/multikart/front-end/product-page(left-image).html]
[themes.pixelstrap.com/multikart/front-end/product-page(right-image).html]
[themes.pixelstrap.com/multikart/front-end/product-page(image-outside).html]
[themes.pixelstrap.com/multikart/front-end/product-page(3-col-left).html]
[themes.pixelstrap.com/multikart/front-end/product-page(3-col-right).html]
[themes.pixelstrap.com/multikart/front-end/product-page(3-column).html]
[themes.pixelstrap.com/multikart/assets/images/fashion/pro/001.jpg]
[themes.pixelstrap.com/multikart/assets/images/fashion/pro/002.jpg]
[themes.pixelstrap.com/multikart/assets/images/fashion/pro/003.jpg]
[themes.pixelstrap.com/multikart/assets/images/fashion/pro/004.jpg]
[themes.pixelstrap.com/multikart/front-end/product-page(4-image).html]
[themes.pixelstrap.com/multikart/assets/js/sticky-kit.js]
[themes.pixelstrap.com/multikart/front-end/product-page(sticky).html]
[themes.pixelstrap.com/multikart/front-end/product-page(accordian).html]
[themes.pixelstrap.com/multikart/assets/images/fashion/pro/skirt.jpg]
[themes.pixelstrap.com/multikart/assets/images/fashion/pro/shoes.jpg]
[themes.pixelstrap.com/multikart/front-end/product-page(bundle).html]
[themes.pixelstrap.com/multikart/assets/images/fashion/pro/m-001.jpg]
[themes.pixelstrap.com/multikart/assets/images/fashion/pro/m-002.jpg]
[themes.pixelstrap.com/multikart/assets/images/fashion/pro/m-003.jpg]
[themes.pixelstrap.com/multikart/front-end/product-page(image-swatch).html]
[themes.pixelstrap.com/multikart/front-end/product-page(vertical-tab).html]
[themes.pixelstrap.com/multikart/assets/images/portfolio/grid/1.jpg]
[themes.pixelstrap.com/multikart/assets/images/portfolio/grid/2.jpg]
[themes.pixelstrap.com/multikart/assets/images/portfolio/grid/3.jpg]
[themes.pixelstrap.com/multikart/assets/images/portfolio/grid/4.jpg]
[themes.pixelstrap.com/multikart/assets/images/portfolio/grid/5.jpg]
[themes.pixelstrap.com/multikart/assets/images/portfolio/grid/6.jpg]
[themes.pixelstrap.com/multikart/assets/images/portfolio/grid/7.jpg]
[themes.pixelstrap.com/multikart/assets/images/portfolio/grid/8.jpg]
[themes.pixelstrap.com/multikart/assets/images/portfolio/grid/9.jpg]
[themes.pixelstrap.com/multikart/assets/images/portfolio/grid/10.jpg]
[themes.pixelstrap.com/multikart/assets/images/portfolio/grid/11.jpg]
[themes.pixelstrap.com/multikart/assets/images/portfolio/grid/12.jpg]
[themes.pixelstrap.com/multikart/assets/js/jquery.magnific-popup.js]
[themes.pixelstrap.com/multikart/assets/js/zoom-gallery.js]
[themes.pixelstrap.com/multikart/front-end/grid-2-col.html]
[themes.pixelstrap.com/multikart/front-end/grid-3-col.html]
[themes.pixelstrap.com/multikart/front-end/grid-4-col.html]
[themes.pixelstrap.com/multikart/front-end/masonary-2-grid.html]
[themes.pixelstrap.com/multikart/assets/images/portfolio/17.jpg]
[themes.pixelstrap.com/multikart/assets/images/portfolio/16.jpg]
[themes.pixelstrap.com/multikart/front-end/masonary-3-grid.html]
[themes.pixelstrap.com/multikart/front-end/masonary-4-grid.html]
[themes.pixelstrap.com/multikart/assets/images/portfolio/21.jpg]
[themes.pixelstrap.com/multikart/assets/images/portfolio/22.jpg]
[themes.pixelstrap.com/multikart/front-end/masonary-fullwidth.html]
[themes.pixelstrap.com/multikart/front-end/element-title.html]
[themes.pixelstrap.com/multikart/front-end/element-banner.html]
[themes.pixelstrap.com/multikart/front-end/element-slider.html]
[themes.pixelstrap.com/multikart/front-end/element-category.html]
[themes.pixelstrap.com/multikart/assets/images/icon/service1.png]
[themes.pixelstrap.com/multikart/assets/images/icon/service2.png]
[themes.pixelstrap.com/multikart/assets/images/icon/service3.png]
[themes.pixelstrap.com/multikart/assets/images/icon/service4.png]
[themes.pixelstrap.com/multikart/front-end/element-service.html]
[themes.pixelstrap.com/multikart/front-end/element-image-ratio.html]
[themes.pixelstrap.com/multikart/front-end/element-productbox.html]
[themes.pixelstrap.com/multikart/front-end/element-product-slider.html]
[themes.pixelstrap.com/multikart/front-end/element-no_slider.html]
[themes.pixelstrap.com/multikart/front-end/element-mulitiple_slider.html]
[themes.pixelstrap.com/multikart/front-end/element-tab.html]
[themes.pixelstrap.com/multikart/assets/images/email-temp/delivery.png]
[themes.pixelstrap.com/multikart/assets/images/email-temp/success.png]
[themes.pixelstrap.com/multikart/assets/images/email-temp/order-success.png]
[themes.pixelstrap.com/multikart/assets/images/email-temp/13.jpg]
[themes.pixelstrap.com/multikart/assets/images/email-temp/14.jpg]
[themes.pixelstrap.com/multikart/assets/images/email-temp/space.jpg]
[themes.pixelstrap.com/multikart/assets/images/email-temp/facebook.png]
[themes.pixelstrap.com/multikart/assets/images/email-temp/youtube.png]
[themes.pixelstrap.com/multikart/assets/images/email-temp/twitter.png]
[themes.pixelstrap.com/multikart/assets/images/email-temp/gplus.png]
[themes.pixelstrap.com/multikart/assets/images/email-temp/linkedin.png]
[themes.pixelstrap.com/multikart/assets/images/email-temp/pinterest.png]
[themes.pixelstrap.com/multikart/front-end/email-order-success.html]
[themes.pixelstrap.com/multikart/assets/images/email-temp/delivery-2.png]
[themes.pixelstrap.com/multikart/assets/images/email-temp/15.jpg]
[themes.pixelstrap.com/multikart/assets/images/email-temp/16.jpg]
[themes.pixelstrap.com/multikart/assets/images/email-temp/17.jpg]
[themes.pixelstrap.com/multikart/assets/images/email-temp/18.jpg]
[themes.pixelstrap.com/multikart/front-end/email-order-success-two.html]
[themes.pixelstrap.com/multikart/assets/images/email-temp/logo.png]
[themes.pixelstrap.com/multikart/assets/images/email-temp/1.jpg]
[themes.pixelstrap.com/multikart/assets/images/email-temp/pro-1.jpg]
[themes.pixelstrap.com/multikart/assets/images/email-temp/pro-2.jpg]
[themes.pixelstrap.com/multikart/assets/images/email-temp/pro-3.jpg]
[themes.pixelstrap.com/multikart/assets/images/email-temp/cosmetic.jpg]
[themes.pixelstrap.com/multikart/assets/images/email-temp/6.png]
[themes.pixelstrap.com/multikart/assets/images/email-temp/5.png]
[themes.pixelstrap.com/multikart/front-end/email-template.html]
[themes.pixelstrap.com/multikart/assets/images/email-temp/e-2-slider.jpg]
[themes.pixelstrap.com/multikart/assets/images/email-temp/banner.jpg]
[themes.pixelstrap.com/multikart/assets/images/email-temp/banner-2.jpg]
[themes.pixelstrap.com/multikart/assets/images/email-temp/10.jpg]
[themes.pixelstrap.com/multikart/assets/images/email-temp/11.jpg]
[themes.pixelstrap.com/multikart/assets/images/email-temp/12.jpg]
[themes.pixelstrap.com/multikart/front-end/email-template-two.html]
[themes.pixelstrap.com/multikart/assets/images/logos/17.png]
[themes.pixelstrap.com/multikart/assets/images/icon/dashboard/order.png]
[themes.pixelstrap.com/multikart/assets/images/icon/dashboard/sale.png]
[themes.pixelstrap.com/multikart/assets/images/icon/dashboard/homework.png]
[themes.pixelstrap.com/multikart/assets/images/dashboard/product/1.jpg]
[themes.pixelstrap.com/multikart/assets/images/dashboard/product/9.jpg]
[themes.pixelstrap.com/multikart/assets/js/date-picker.js]
[themes.pixelstrap.com/multikart/assets/js/chart/apex/apexcharts.js]
[themes.pixelstrap.com/multikart/assets/js/chart/apex/custom-chart.js]
[themes.pixelstrap.com/multikart/front-end/vendor-dashboard.html]
[themes.pixelstrap.com/multikart/assets/images/vendor/profile.jpg]
[themes.pixelstrap.com/multikart/front-end/vendor-profile.html]
[themes.pixelstrap.com/multikart/assets/images/about/vendor.jpg]
[themes.pixelstrap.com/multikart/front-end/become-vendor.html]
[themes.pixelstrap.com/multikart/front-end/wishlist.html]
[themes.pixelstrap.com/multikart/front-end/cart.html]
[themes.pixelstrap.com/multikart/front-end/dashboard.html]
[themes.pixelstrap.com/multikart/front-end/login.html]
[themes.pixelstrap.com/multikart/front-end/register.html]
[themes.pixelstrap.com/multikart/assets/images/icon/phone.png]
[themes.pixelstrap.com/multikart/assets/images/icon/email.png]
[themes.pixelstrap.com/multikart/front-end/contact.html]
[themes.pixelstrap.com/multikart/front-end/forget_pwd.html]
[themes.pixelstrap.com/multikart/front-end/profile.html]
[themes.pixelstrap.com/multikart/assets/images/paypal.png]
[themes.pixelstrap.com/multikart/front-end/checkout.html]
[themes.pixelstrap.com/multikart/assets/images/about/about us.jpg]
[themes.pixelstrap.com/multikart/assets/images/avtar.jpg]
[themes.pixelstrap.com/multikart/assets/images/2.jpg]
[themes.pixelstrap.com/multikart/assets/images/team/1.jpg]
[themes.pixelstrap.com/multikart/assets/images/team/2.jpg]
[themes.pixelstrap.com/multikart/assets/images/team/3.jpg]
[themes.pixelstrap.com/multikart/assets/images/team/4.jpg]
[themes.pixelstrap.com/multikart/front-end/about-page.html]
[themes.pixelstrap.com/multikart/front-end/search.html]
[themes.pixelstrap.com/multikart/front-end/typography.html]
[themes.pixelstrap.com/multikart/assets/images/20.jpg]
[themes.pixelstrap.com/multikart/front-end/review.html]
[themes.pixelstrap.com/multikart/front-end/order-success.html]
[themes.pixelstrap.com/multikart/front-end/compare.html]
[themes.pixelstrap.com/multikart/front-end/compare-2.html]
[themes.pixelstrap.com/multikart/assets/images/collection/1.jpg]
[themes.pixelstrap.com/multikart/assets/images/collection/3.jpg]
[themes.pixelstrap.com/multikart/assets/images/collection/5.jpg]
[themes.pixelstrap.com/multikart/assets/images/collection/6.jpg]
[themes.pixelstrap.com/multikart/assets/images/collection/7.jpg]
[themes.pixelstrap.com/multikart/assets/images/collection/8.jpg]
[themes.pixelstrap.com/multikart/assets/images/collection/9.jpg]
[themes.pixelstrap.com/multikart/assets/images/collection/11.jpg]
[themes.pixelstrap.com/multikart/front-end/collection.html]
[themes.pixelstrap.com/multikart/assets/images/lookbook.jpg]
[themes.pixelstrap.com/multikart/assets/images/lookbook2.jpg]
[themes.pixelstrap.com/multikart/front-end/lookbook.html]
[themes.pixelstrap.com/multikart/front-end/sitemap.html]
[themes.pixelstrap.com/multikart/front-end/404.html]
[themes.pixelstrap.com/multikart/front-end/coming-soon.html]
[themes.pixelstrap.com/multikart/front-end/faq.html]
[themes.pixelstrap.com/multikart/front-end/blog-page.html]
[themes.pixelstrap.com/multikart/front-end/blog(right-sidebar).html]
[themes.pixelstrap.com/multikart/front-end/blog(no-sidebar).html]
[themes.pixelstrap.com/multikart/front-end/blog-details.html]
[themes.pixelstrap.com/multikart/front-end/tab-4.html]
[themes.pixelstrap.com/multikart/front-end/tab-5.html]
[themes.pixelstrap.com/multikart/front-end/tab-6.html]
[connect.facebook.net/en_US/sdk/xfbml.customerchat.js]
[themes.pixelstrap.com/multikart/assets/images/home-banner/3.html]
[themes.pixelstrap.com/multikart/assets/images/home-banner/4.html]
[themes.pixelstrap.com/multikart/assets/images/home-banner/5.html]
[themes.pixelstrap.com/multikart/assets/images/home-banner/6.html]
[themes.pixelstrap.com/multikart/assets/images/home-banner/7.html]
[themes.pixelstrap.com/multikart/assets/images/home-banner/8.html]
[themes.pixelstrap.com/multikart/assets/images/home-banner/9.html]
[themes.pixelstrap.com/multikart/assets/images/home-banner/10.html]
[themes.pixelstrap.com/multikart/assets/images/home-banner/11.html]
[themes.pixelstrap.com/multikart/assets/images/home-banner/12.html]
[themes.pixelstrap.com/multikart/assets/images/home-banner/13.html]
[themes.pixelstrap.com/multikart/assets/images/home-banner/14.html]
[themes.pixelstrap.com/multikart/assets/images/home-banner/15.html]
[themes.pixelstrap.com/multikart/assets/images/home-banner/16.html]
[themes.pixelstrap.com/multikart/assets/images/home-banner/17.html]
[themes.pixelstrap.com/multikart/assets/images/home-banner/18.html]
[themes.pixelstrap.com/multikart/assets/images/home-banner/19.html]
[themes.pixelstrap.com/multikart/assets/images/home-banner/20.html]
[themes.pixelstrap.com/multikart/assets/images/home-banner/21.html]
[themes.pixelstrap.com/multikart/assets/images/home-banner/22.html]
[themes.pixelstrap.com/multikart/assets/images/home-banner/23.html]
[themes.pixelstrap.com/multikart/assets/images/home-banner/24.html]
[themes.pixelstrap.com/multikart/assets/images/home-banner/25.html]
[themes.pixelstrap.com/multikart/assets/images/home-banner/26.html]
[themes.pixelstrap.com/multikart/assets/images/home-banner/27.html]
[themes.pixelstrap.com/multikart/assets/images/home-banner/28.html]
[themes.pixelstrap.com/multikart/assets/images/home-banner/29.html]
[themes.pixelstrap.com/multikart/assets/images/home-banner/30.html]
[themes.pixelstrap.com/multikart/assets/images/home-banner/31.html]
[themes.pixelstrap.com/multikart/assets/images/home-banner/32.html]
[themes.pixelstrap.com/multikart/assets/images/home-banner/33.html]
[themes.pixelstrap.com/multikart/assets/images/home-banner/34.html]
[themes.pixelstrap.com/multikart/assets/images/home-banner/35.html]
[themes.pixelstrap.com/multikart/assets/images/home-banner/36.html]
[themes.pixelstrap.com/multikart/assets/images/home-banner/37.html]
[themes.pixelstrap.com/multikart/assets/images/home-banner/38.html]
[themes.pixelstrap.com/multikart/assets/images/home-banner/39.html]
[themes.pixelstrap.com/multikart/assets/images/home-banner/40.html]
[themes.pixelstrap.com/multikart/assets/images/home-banner/41.html]
[themes.pixelstrap.com/multikart/assets/images/home-banner/42.html]
[themes.pixelstrap.com/multikart/assets/images/home-banner/43.html]
[themes.pixelstrap.com/multikart/assets/images/home-banner/44.html]
[themes.pixelstrap.com/multikart/assets/images/home-banner/45.html]
[themes.pixelstrap.com/multikart/assets/images/home-banner/46.html]
[themes.pixelstrap.com/multikart/assets/images/home-banner/47.html]
[themes.pixelstrap.com/multikart/assets/images/home-banner/48.html]
[themes.pixelstrap.com/multikart/assets/images/home-banner/49.html]
[themes.pixelstrap.com/multikart/assets/images/home-banner/50.html]
[themes.pixelstrap.com/multikart/assets/images/home-banner/51.html]
[themes.pixelstrap.com/multikart/assets/images/home-banner/52.html]
[themes.pixelstrap.com/multikart/assets/images/home-banner/53.html]
[themes.pixelstrap.com/multikart/assets/images/home-banner/54.html]
[themes.pixelstrap.com/multikart/assets/images/home-banner/55.html]
[themes.pixelstrap.com/multikart/assets/images/home-banner/56.html]
[themes.pixelstrap.com/multikart/assets/images/home-banner/57.html]
[themes.pixelstrap.com/multikart/assets/images/home-banner/58.html]
[themes.pixelstrap.com/multikart/assets/images/home-banner/59.html]
[themes.pixelstrap.com/multikart/assets/images/home-banner/60.html]
[themes.pixelstrap.com/multikart/assets/images/home-banner/61.html]
[themes.pixelstrap.com/multikart/assets/images/home-banner/62.html]
[themes.pixelstrap.com/multikart/assets/images/home-banner/63.html]
[themes.pixelstrap.com/multikart/assets/images/home-banner/64.html]
[themes.pixelstrap.com/multikart/assets/images/home-banner/65.html]
[themes.pixelstrap.com/multikart/assets/images/home-banner/66.html]
[themes.pixelstrap.com/multikart/assets/images/home-banner/67.html]
[themes.pixelstrap.com/multikart/assets/images/home-banner/68.html]
[themes.pixelstrap.com/multikart/assets/images/home-banner/69.html]
[themes.pixelstrap.com/multikart/assets/images/home-banner/70.html]
[themes.pixelstrap.com/multikart/assets/images/landing-page/demo/58.html]
[themes.pixelstrap.com/multikart/assets/images/landing-page/demo/59.html]
[themes.pixelstrap.com/multikart/assets/images/landing-page/demo/60.html]
[themes.pixelstrap.com/multikart/assets/images/landing-page/demo/61.html]
[themes.pixelstrap.com/multikart/assets/images/landing-page/demo/62.html]
[themes.pixelstrap.com/multikart/assets/images/landing-page/demo/63.html]
[themes.pixelstrap.com/multikart/assets/images/landing-page/demo/64.html]
[themes.pixelstrap.com/multikart/assets/images/landing-page/demo/65.html]
[themes.pixelstrap.com/multikart/assets/images/landing-page/demo/66.html]
[themes.pixelstrap.com/multikart/assets/images/landing-page/demo/67.html]
[themes.pixelstrap.com/multikart/assets/images/landing-page/demo/68.html]
[themes.pixelstrap.com/multikart/assets/images/landing-page/demo/69.html]
[themes.pixelstrap.com/multikart/assets/images/landing-page/demo/70.html]
[themes.pixelstrap.com/multikart/assets/css/color19.css]
[themes.pixelstrap.com/multikart/assets/images/game/pro/7.jpg]
[themes.pixelstrap.com/multikart/assets/css/color13.css]
[themes.pixelstrap.com/multikart/assets/css/color14.css]
[themes.pixelstrap.com/multikart/front-end/tab-1.html]
[themes.pixelstrap.com/multikart/front-end/tab-2.html]
[themes.pixelstrap.com/multikart/front-end/tab-3.html]
[themes.pixelstrap.com/multikart/assets/css/magnific-popup.css]
[themes.pixelstrap.com/multikart/assets/css/color16.css]
[themes.pixelstrap.com/multikart/assets/css/color15.css]
[themes.pixelstrap.com/multikart/assets/images/pets/banner/3.jpg]
[themes.pixelstrap.com/multikart/front-end/blog.html]
[themes.pixelstrap.com/multikart/assets/css/color18.css]
[themes.pixelstrap.com/multikart/assets/css/color17.css]
[themes.pixelstrap.com/multikart/assets/css/color12.css]
[themes.pixelstrap.com/multikart/assets/images/fashion/1.jpg]
[themes.pixelstrap.com/multikart/assets/images/fashion/product/42.jpg]
[themes.pixelstrap.com/multikart/assets/images/fashion/product/12.jpg]
[themes.pixelstrap.com/multikart/assets/images/fashion/product/14.jpg]
[themes.pixelstrap.com/multikart/assets/css/color10.css]
[themes.pixelstrap.com/multikart/assets/css/color4.css]
[themes.pixelstrap.com/multikart/front-end/tab-7.html]
[themes.pixelstrap.com/multikart/front-end/tab-8.html]
[themes.pixelstrap.com/multikart/front-end/tab-9.html]
[themes.pixelstrap.com/multikart/front-end/tab-10.html]
[themes.pixelstrap.com/multikart/assets/images/slider/watches/6.jpg]
[themes.pixelstrap.com/multikart/assets/images/slider/watches/8.jpg]
[themes.pixelstrap.com/multikart/assets/images/favicon/2.png]
[themes.pixelstrap.com/multikart/assets/images/icon/layout2/logo.png]
[themes.pixelstrap.com/multikart/assets/images/home-banner/3.jpg]
[themes.pixelstrap.com/multikart/assets/images/home-banner/4.jpg]
[themes.pixelstrap.com/multikart/assets/images/home-banner/5.jpg]
[themes.pixelstrap.com/multikart/assets/images/icon/cat1.png]
[themes.pixelstrap.com/multikart/assets/images/icon/cat2.png]
[themes.pixelstrap.com/multikart/assets/images/icon/cat3.png]
[themes.pixelstrap.com/multikart/assets/images/icon/cat4.png]
[themes.pixelstrap.com/multikart/assets/images/icon/cat5.png]
[themes.pixelstrap.com/multikart/assets/images/icon/cat6.png]
[themes.pixelstrap.com/multikart/assets/images/sub-banner.png]
[themes.pixelstrap.com/multikart/assets/images/sub-banner1.png]
[themes.pixelstrap.com/multikart/assets/images/pro/1.jpg]
[themes.pixelstrap.com/multikart/assets/images/pro/1-.jpg]
[themes.pixelstrap.com/multikart/assets/images/pro/3-.jpg]
[themes.pixelstrap.com/multikart/assets/images/pro/3--.jpg]
[themes.pixelstrap.com/multikart/assets/images/pro/4.jpg]
[themes.pixelstrap.com/multikart/assets/images/pro/5.jpg]
[themes.pixelstrap.com/multikart/assets/images/pro/5--.jpg]
[themes.pixelstrap.com/multikart/assets/images/cat1.png]
[themes.pixelstrap.com/multikart/assets/images/cat3.png]
[themes.pixelstrap.com/multikart/assets/images/cat2.png]
[themes.pixelstrap.com/multikart/assets/images/pro/6.jpg]
[themes.pixelstrap.com/multikart/assets/images/pro/7.jpg]
[themes.pixelstrap.com/multikart/assets/images/pro/8.jpg]
[themes.pixelstrap.com/multikart/assets/images/pro/25.jpg]
[themes.pixelstrap.com/multikart/assets/images/pro/10.jpg]
[themes.pixelstrap.com/multikart/assets/images/pro/11.jpg]
[themes.pixelstrap.com/multikart/assets/images/pro/12.jpg]
[themes.pixelstrap.com/multikart/assets/images/pro/13.jpg]
[themes.pixelstrap.com/multikart/assets/images/pro/14.jpg]
[themes.pixelstrap.com/multikart/assets/images/pro/16.jpg]
[themes.pixelstrap.com/multikart/assets/images/pro/17.jpg]
[themes.pixelstrap.com/multikart/assets/images/pro/18.jpg]
[themes.pixelstrap.com/multikart/assets/images/pro/19.jpg]
[themes.pixelstrap.com/multikart/assets/images/pro/20.jpg]
[themes.pixelstrap.com/multikart/assets/images/pro/21.jpg]
[themes.pixelstrap.com/multikart/assets/css/color7.css]
[themes.pixelstrap.com/multikart/assets/css/color9.css]
[themes.pixelstrap.com/multikart/assets/css/color3.css]
[themes.pixelstrap.com/multikart/assets/images/icon/layout3/logo.png]
[themes.pixelstrap.com/multikart/assets/css/color11.css]
[themes.pixelstrap.com/multikart/assets/css/color5.css]
[themes.pixelstrap.com/multikart/assets/css/color8.css]
[cdnjs.cloudflare.com/ajax/libs/slick-carousel/1.6.0/slick.min.css]
[themes.pixelstrap.com/multikart/assets/css/color6.css]
[themes.pixelstrap.com/multikart/assets/css/price-range.css]
[themes.pixelstrap.com/multikart/assets/css/datepicker.min.css]
[themes.pixelstrap.com/multikart/assets/js/chart/apex/apexcharts.js]
[themes.pixelstrap.com/multikart/assets/images/loading.gif]
[themes.pixelstrap.com/multikart/assets/css/jquery.lazyloadxt.spinner.css]
[themes.pixelstrap.com/multikart/front-end/^([^_/indexd41d.html]
[themes.pixelstrap.com/multikart/front-end/ABCDEFGHIJKLMNOPQRSTUVWXYZabcdefghijklmnopqrstuvwxyz0123456789+/index.html]
[themes.pixelstrap.com/multikart/front-end/GET.html]
[themes.pixelstrap.com/multikart/front-end/dialog/index.html]
[themes.pixelstrap.com/multikart/assets/css/color2.css]
[themes.pixelstrap.com/multikart/assets/images/pro/4.jpg]
[themes.pixelstrap.com/multikart/assets/images/pro/4-.jpg]
